Loaded 0 existing samples for django/django. Processed PRs: 0
Starting extraction for django/django...
Fetching search page 1...
Inspecting PR #21002...
  Total collected: 0/1000
Inspecting PR #20998...
  Found 1 useful samples in PR #20998
  Total collected: 1/1000
Inspecting PR #20974...
  Total collected: 1/1000
Inspecting PR #20964...
  Found 4 useful samples in PR #20964
  Total collected: 5/1000
Inspecting PR #20961...
  Total collected: 5/1000
Inspecting PR #20960...
  Found 2 useful samples in PR #20960
  Total collected: 7/1000
Inspecting PR #20946...
Inspecting PR #20924...
Inspecting PR #20922...
  Total collected: 7/1000
Inspecting PR #20921...
Inspecting PR #20912...
Inspecting PR #20911...
Inspecting PR #20898...
Inspecting PR #20891...
  Total collected: 7/1000
Inspecting PR #20890...
  Found 3 useful samples in PR #20890
  Total collected: 10/1000
Inspecting PR #20884...
  Total collected: 10/1000
Inspecting PR #20882...
Inspecting PR #20877...
Inspecting PR #20864...
  Found 14 useful samples in PR #20864
  Total collected: 24/1000
Inspecting PR #20856...
  Total collected: 24/1000
Inspecting PR #20854...
  Found 1 useful samples in PR #20854
  Total collected: 25/1000
Inspecting PR #20852...
  Found 1 useful samples in PR #20852
  Total collected: 26/1000
Inspecting PR #20840...
  Total collected: 26/1000
Inspecting PR #20837...
Inspecting PR #20831...
Inspecting PR #20828...
  Found 1 useful samples in PR #20828
  Total collected: 27/1000
Inspecting PR #20823...
Inspecting PR #20816...
Inspecting PR #20815...
Inspecting PR #20807...
Fetching search page 2...
Inspecting PR #20792...
  Found 7 useful samples in PR #20792
  Total collected: 34/1000
Inspecting PR #20789...
  Found 2 useful samples in PR #20789
  Total collected: 36/1000
Inspecting PR #20785...
  Total collected: 36/1000
Inspecting PR #20782...
Inspecting PR #20778...
Inspecting PR #20776...
Inspecting PR #20771...
Inspecting PR #20770...
Inspecting PR #20768...
  Found 2 useful samples in PR #20768
  Total collected: 38/1000
Inspecting PR #20767...
Inspecting PR #20766...
Inspecting PR #20764...
Inspecting PR #20762...
Inspecting PR #20760...
Inspecting PR #20754...
  Total collected: 38/1000
Inspecting PR #20749...
  Found 2 useful samples in PR #20749
  Total collected: 40/1000
Inspecting PR #20738...
  Total collected: 40/1000
Inspecting PR #20737...
Inspecting PR #20735...
  Found 2 useful samples in PR #20735
  Total collected: 42/1000
Inspecting PR #20733...
  Found 2 useful samples in PR #20733
  Total collected: 44/1000
Inspecting PR #20728...
  Found 3 useful samples in PR #20728
  Total collected: 47/1000
Inspecting PR #20727...
Inspecting PR #20722...
  Found 2 useful samples in PR #20722
  Total collected: 49/1000
Inspecting PR #20719...
Inspecting PR #20718...
  Found 5 useful samples in PR #20718
  Total collected: 54/1000
Inspecting PR #20714...
  Found 1 useful samples in PR #20714
  Total collected: 55/1000
Inspecting PR #20708...
  Found 2 useful samples in PR #20708
  Total collected: 57/1000
Inspecting PR #20702...
  Found 8 useful samples in PR #20702
  Total collected: 65/1000
Inspecting PR #20700...
Inspecting PR #20699...
  Total collected: 65/1000
Fetching search page 3...
Inspecting PR #20696...
  Found 2 useful samples in PR #20696
  Total collected: 67/1000
Inspecting PR #20695...
  Total collected: 67/1000
Inspecting PR #20694...
Inspecting PR #20686...
Inspecting PR #20685...
  Found 15 useful samples in PR #20685
  Total collected: 82/1000
Inspecting PR #20682...
  Total collected: 82/1000
Inspecting PR #20679...
  Found 1 useful samples in PR #20679
  Total collected: 83/1000
Inspecting PR #20677...
  Found 1 useful samples in PR #20677
  Total collected: 84/1000
Inspecting PR #20670...
  Found 3 useful samples in PR #20670
  Total collected: 87/1000
Inspecting PR #20666...
  Total collected: 87/1000
Inspecting PR #20665...
  Found 1 useful samples in PR #20665
  Total collected: 88/1000
Inspecting PR #20663...
Inspecting PR #20662...
  Found 2 useful samples in PR #20662
  Total collected: 90/1000
Inspecting PR #20660...
Inspecting PR #20659...
Inspecting PR #20656...
  Total collected: 90/1000
Inspecting PR #20651...
Inspecting PR #20646...
Inspecting PR #20644...
  Total collected: 90/1000
Inspecting PR #20642...
Inspecting PR #20636...
  Found 4 useful samples in PR #20636
  Total collected: 94/1000
Inspecting PR #20634...
  Total collected: 94/1000
Inspecting PR #20631...
  Found 3 useful samples in PR #20631
  Total collected: 97/1000
Inspecting PR #20630...
  Total collected: 97/1000
Inspecting PR #20628...
  Found 4 useful samples in PR #20628
  Total collected: 101/1000
Inspecting PR #20615...
  Total collected: 101/1000
Inspecting PR #20614...
  Found 3 useful samples in PR #20614
  Total collected: 104/1000
Inspecting PR #20610...
  Total collected: 104/1000
Inspecting PR #20608...
  Total collected: 104/1000
Inspecting PR #20607...
  Total collected: 104/1000
Fetching search page 4...
Inspecting PR #20600...
  Total collected: 104/1000
Inspecting PR #20599...
  Total collected: 104/1000
Inspecting PR #20589...
Inspecting PR #20587...
  Found 6 useful samples in PR #20587
  Total collected: 110/1000
Inspecting PR #20586...
  Total collected: 110/1000
Inspecting PR #20584...
Inspecting PR #20580...
  Found 4 useful samples in PR #20580
  Total collected: 114/1000
Inspecting PR #20575...
Inspecting PR #20574...
  Found 3 useful samples in PR #20574
  Total collected: 117/1000
Inspecting PR #20550...
Inspecting PR #20549...
Inspecting PR #20543...
  Found 7 useful samples in PR #20543
  Total collected: 124/1000
Inspecting PR #20539...
  Found 20 useful samples in PR #20539
  Total collected: 144/1000
Inspecting PR #20538...
  Found 8 useful samples in PR #20538
  Total collected: 152/1000
Inspecting PR #20535...
  Total collected: 152/1000
Inspecting PR #20534...
  Total collected: 152/1000
Inspecting PR #20528...
  Found 2 useful samples in PR #20528
  Total collected: 154/1000
Inspecting PR #20527...
Inspecting PR #20526...
  Found 6 useful samples in PR #20526
  Total collected: 160/1000
Inspecting PR #20524...
  Found 1 useful samples in PR #20524
  Total collected: 161/1000
Inspecting PR #20519...
  Found 17 useful samples in PR #20519
  Total collected: 178/1000
Inspecting PR #20518...
  Found 18 useful samples in PR #20518
  Total collected: 196/1000
Inspecting PR #20517...
Inspecting PR #20512...
Inspecting PR #20511...
Inspecting PR #20510...
  Total collected: 196/1000
Inspecting PR #20503...
Inspecting PR #20502...
Inspecting PR #20501...
  Total collected: 196/1000
Inspecting PR #20498...
  Found 12 useful samples in PR #20498
  Total collected: 208/1000
Fetching search page 5...
Inspecting PR #20497...
  Total collected: 208/1000
Inspecting PR #20495...
  Found 1 useful samples in PR #20495
  Total collected: 209/1000
Inspecting PR #20494...
  Total collected: 209/1000
Inspecting PR #20493...
Inspecting PR #20486...
Inspecting PR #20471...
  Found 1 useful samples in PR #20471
  Total collected: 210/1000
Inspecting PR #20470...
  Total collected: 210/1000
Inspecting PR #20467...
  Total collected: 210/1000
Inspecting PR #20466...
  Found 9 useful samples in PR #20466
  Total collected: 219/1000
Inspecting PR #20462...
  Found 6 useful samples in PR #20462
  Total collected: 225/1000
Inspecting PR #20461...
  Found 13 useful samples in PR #20461
  Total collected: 238/1000
Inspecting PR #20460...
  Total collected: 238/1000
Inspecting PR #20458...
  Found 12 useful samples in PR #20458
  Total collected: 250/1000
Inspecting PR #20455...
  Found 1 useful samples in PR #20455
  Total collected: 251/1000
Inspecting PR #20450...
Inspecting PR #20448...
  Total collected: 251/1000
Inspecting PR #20447...
Inspecting PR #20443...
  Found 2 useful samples in PR #20443
  Total collected: 253/1000
Inspecting PR #20441...
Inspecting PR #20437...
  Found 1 useful samples in PR #20437
  Total collected: 254/1000
Inspecting PR #20430...
Inspecting PR #20429...
  Total collected: 254/1000
Inspecting PR #20427...
Inspecting PR #20426...
  Found 1 useful samples in PR #20426
  Total collected: 255/1000
Inspecting PR #20423...
  Found 3 useful samples in PR #20423
  Total collected: 258/1000
Inspecting PR #20422...
  Found 5 useful samples in PR #20422
  Total collected: 263/1000
Inspecting PR #20421...
Inspecting PR #20420...
  Found 6 useful samples in PR #20420
  Total collected: 269/1000
Inspecting PR #20416...
  Found 4 useful samples in PR #20416
  Total collected: 273/1000
Inspecting PR #20411...
  Found 2 useful samples in PR #20411
  Total collected: 275/1000
Fetching search page 6...
Inspecting PR #20409...
  Found 6 useful samples in PR #20409
  Total collected: 281/1000
Inspecting PR #20404...
  Found 2 useful samples in PR #20404
  Total collected: 283/1000
Inspecting PR #20401...
  Found 3 useful samples in PR #20401
  Total collected: 286/1000
Inspecting PR #20400...
  Total collected: 286/1000
Inspecting PR #20395...
  Found 10 useful samples in PR #20395
  Total collected: 296/1000
Inspecting PR #20394...
Inspecting PR #20392...
Inspecting PR #20390...
Inspecting PR #20388...
Inspecting PR #20387...
Inspecting PR #20380...
  Found 14 useful samples in PR #20380
  Total collected: 310/1000
Inspecting PR #20379...
Inspecting PR #20377...
  Found 7 useful samples in PR #20377
  Total collected: 317/1000
Inspecting PR #20375...
Inspecting PR #20374...
  Found 24 useful samples in PR #20374
  Total collected: 341/1000
Inspecting PR #20373...
Inspecting PR #20372...
Inspecting PR #20370...
  Found 1 useful samples in PR #20370
  Total collected: 342/1000
Inspecting PR #20369...
  Found 2 useful samples in PR #20369
  Total collected: 344/1000
Inspecting PR #20368...
  Total collected: 344/1000
Inspecting PR #20365...
Inspecting PR #20364...
  Total collected: 344/1000
Inspecting PR #20362...
  Found 3 useful samples in PR #20362
  Total collected: 347/1000
Inspecting PR #20361...
Inspecting PR #20359...
  Total collected: 347/1000
Inspecting PR #20353...
Inspecting PR #20350...
  Total collected: 347/1000
Inspecting PR #20346...
  Found 6 useful samples in PR #20346
  Total collected: 353/1000
Inspecting PR #20340...
  Found 4 useful samples in PR #20340
  Total collected: 357/1000
Inspecting PR #20338...
  Found 6 useful samples in PR #20338
  Total collected: 363/1000
Fetching search page 7...
Inspecting PR #20330...
  Total collected: 363/1000
Inspecting PR #20328...
Inspecting PR #20324...
Inspecting PR #20322...
Inspecting PR #20321...
  Found 9 useful samples in PR #20321
  Total collected: 372/1000
Inspecting PR #20317...
Inspecting PR #20312...
  Found 7 useful samples in PR #20312
  Total collected: 379/1000
Inspecting PR #20310...
Inspecting PR #20309...
  Found 11 useful samples in PR #20309
  Total collected: 390/1000
Inspecting PR #20308...
  Found 24 useful samples in PR #20308
  Total collected: 414/1000
Inspecting PR #20302...
  Total collected: 414/1000
Inspecting PR #20300...
  Found 11 useful samples in PR #20300
  Total collected: 425/1000
Inspecting PR #20295...
  Total collected: 425/1000
Inspecting PR #20288...
  Found 4 useful samples in PR #20288
  Total collected: 429/1000
Inspecting PR #20287...
  Found 2 useful samples in PR #20287
  Total collected: 431/1000
Inspecting PR #20282...
  Found 9 useful samples in PR #20282
  Total collected: 440/1000
Inspecting PR #20281...
  Found 1 useful samples in PR #20281
  Total collected: 441/1000
Inspecting PR #20280...
Inspecting PR #20279...
  Total collected: 441/1000
Inspecting PR #20276...
Inspecting PR #20275...
Inspecting PR #20274...
  Total collected: 441/1000
Inspecting PR #20271...
  Total collected: 441/1000
Inspecting PR #20269...
  Total collected: 441/1000
Inspecting PR #20184...
  Found 5 useful samples in PR #20184
  Total collected: 446/1000
Inspecting PR #20183...
  Found 9 useful samples in PR #20183
  Total collected: 455/1000
Inspecting PR #20182...
  Found 1 useful samples in PR #20182
  Total collected: 456/1000
Inspecting PR #20181...
  Total collected: 456/1000
Inspecting PR #20101...
  Found 21 useful samples in PR #20101
  Total collected: 477/1000
Inspecting PR #20098...
  Found 5 useful samples in PR #20098
  Total collected: 482/1000
Fetching search page 8...
Inspecting PR #20094...
  Found 1 useful samples in PR #20094
  Total collected: 483/1000
Inspecting PR #20093...
Inspecting PR #20087...
  Found 2 useful samples in PR #20087
  Total collected: 485/1000
Inspecting PR #20086...
  Found 4 useful samples in PR #20086
  Total collected: 489/1000
Inspecting PR #20085...
  Total collected: 489/1000
Inspecting PR #20080...
Inspecting PR #20077...
Inspecting PR #20076...
Inspecting PR #20075...
  Total collected: 489/1000
Inspecting PR #20074...
  Found 2 useful samples in PR #20074
  Total collected: 491/1000
Inspecting PR #20073...
Inspecting PR #20071...
Inspecting PR #20070...
  Total collected: 491/1000
Inspecting PR #20068...
Inspecting PR #20067...
  Found 1 useful samples in PR #20067
  Total collected: 492/1000
Inspecting PR #20065...
Inspecting PR #20063...
  Total collected: 492/1000
Inspecting PR #20061...
Inspecting PR #20060...
  Found 2 useful samples in PR #20060
  Total collected: 494/1000
Inspecting PR #20059...
  Found 5 useful samples in PR #20059
  Total collected: 499/1000
Inspecting PR #20053...
  Total collected: 499/1000
Inspecting PR #20047...
Inspecting PR #20045...
  Found 4 useful samples in PR #20045
  Total collected: 503/1000
Inspecting PR #20044...
Inspecting PR #20032...
  Total collected: 503/1000
Inspecting PR #20029...
Inspecting PR #20028...
  Found 1 useful samples in PR #20028
  Total collected: 504/1000
Inspecting PR #20024...
  Found 4 useful samples in PR #20024
  Total collected: 508/1000
Inspecting PR #20023...
Inspecting PR #20021...
  Found 19 useful samples in PR #20021
  Total collected: 527/1000
Fetching search page 9...
Inspecting PR #20012...
Inspecting PR #20009...
  Found 14 useful samples in PR #20009
  Total collected: 541/1000
Inspecting PR #20007...
  Found 3 useful samples in PR #20007
  Total collected: 544/1000
Inspecting PR #20004...
  Total collected: 544/1000
Inspecting PR #20003...
  Found 2 useful samples in PR #20003
  Total collected: 546/1000
Inspecting PR #20001...
  Total collected: 546/1000
Inspecting PR #19997...
  Found 1 useful samples in PR #19997
  Total collected: 547/1000
Inspecting PR #19994...
  Total collected: 547/1000
Inspecting PR #19993...
  Found 6 useful samples in PR #19993
  Total collected: 553/1000
Inspecting PR #19991...
  Found 2 useful samples in PR #19991
  Total collected: 555/1000
Inspecting PR #19989...
  Found 7 useful samples in PR #19989
  Total collected: 562/1000
Inspecting PR #19987...
Inspecting PR #19986...
  Found 1 useful samples in PR #19986
  Total collected: 563/1000
Inspecting PR #19983...
  Found 3 useful samples in PR #19983
  Total collected: 566/1000
Inspecting PR #19982...
  Found 1 useful samples in PR #19982
  Total collected: 567/1000
Inspecting PR #19978...
Inspecting PR #19976...
Inspecting PR #19974...
Inspecting PR #19969...
Inspecting PR #19968...
  Found 2 useful samples in PR #19968
  Total collected: 569/1000
Inspecting PR #19965...
Inspecting PR #19964...
  Total collected: 569/1000
Inspecting PR #19962...
  Total collected: 569/1000
Inspecting PR #19958...
  Total collected: 569/1000
Inspecting PR #19955...
  Found 1 useful samples in PR #19955
  Total collected: 570/1000
Inspecting PR #19953...
Inspecting PR #19952...
  Total collected: 570/1000
Inspecting PR #19950...
Inspecting PR #19949...
Inspecting PR #19947...
  Found 2 useful samples in PR #19947
  Total collected: 572/1000
Fetching search page 10...
Inspecting PR #19945...
  Found 1 useful samples in PR #19945
  Total collected: 573/1000
Inspecting PR #19943...
  Found 2 useful samples in PR #19943
  Total collected: 575/1000
Inspecting PR #19941...
Inspecting PR #19938...
  Found 2 useful samples in PR #19938
  Total collected: 577/1000
Inspecting PR #19933...
  Found 1 useful samples in PR #19933
  Total collected: 578/1000
Inspecting PR #19928...
  Total collected: 578/1000
Inspecting PR #19927...
Inspecting PR #19925...
  Found 12 useful samples in PR #19925
  Total collected: 590/1000
Inspecting PR #19923...
  Total collected: 590/1000
Inspecting PR #19919...
  Found 22 useful samples in PR #19919
  Total collected: 612/1000
Inspecting PR #19917...
  Found 1 useful samples in PR #19917
  Total collected: 613/1000
Inspecting PR #19916...
Inspecting PR #19915...
Inspecting PR #19913...
Inspecting PR #19912...
  Total collected: 613/1000
Inspecting PR #19906...
  Total collected: 613/1000
Inspecting PR #19900...
Inspecting PR #19899...
  Total collected: 613/1000
Inspecting PR #19894...
Inspecting PR #19891...
  Total collected: 613/1000
Inspecting PR #19888...
Inspecting PR #19884...
  Found 10 useful samples in PR #19884
  Total collected: 623/1000
Inspecting PR #19881...
Inspecting PR #19880...
  Found 7 useful samples in PR #19880
  Total collected: 630/1000
Inspecting PR #19879...
Inspecting PR #19878...
Inspecting PR #19877...
Inspecting PR #19876...
  Total collected: 630/1000
Inspecting PR #19874...
  Found 2 useful samples in PR #19874
  Total collected: 632/1000
Inspecting PR #19873...
Fetching search page 11...
Inspecting PR #19872...
  Total collected: 632/1000
Inspecting PR #19871...
  Found 4 useful samples in PR #19871
  Total collected: 636/1000
Inspecting PR #19870...
  Found 2 useful samples in PR #19870
  Total collected: 638/1000
Inspecting PR #19868...
  Found 1 useful samples in PR #19868
  Total collected: 639/1000
Inspecting PR #19867...
  Found 1 useful samples in PR #19867
  Total collected: 640/1000
Inspecting PR #19860...
Inspecting PR #19853...
  Found 18 useful samples in PR #19853
  Total collected: 658/1000
Inspecting PR #19851...
Inspecting PR #19847...
  Found 6 useful samples in PR #19847
  Total collected: 664/1000
Inspecting PR #19846...
Inspecting PR #19845...
Inspecting PR #19844...
  Total collected: 664/1000
Inspecting PR #19842...
  Found 8 useful samples in PR #19842
  Total collected: 672/1000
Inspecting PR #19840...
  Found 8 useful samples in PR #19840
  Total collected: 680/1000
Inspecting PR #19837...
  Total collected: 680/1000
Inspecting PR #19835...
  Found 2 useful samples in PR #19835
  Total collected: 682/1000
Inspecting PR #19834...
  Total collected: 682/1000
Inspecting PR #19833...
Inspecting PR #19819...
Inspecting PR #19816...
Traceback (most recent call last):
  File "C:\Users\budhi\Documents\IITM\DSAI Lab\Group-1-DS-and-AI-Lab-Project\.venv\Lib\site-packages\urllib3\connection.py", line 204, in _new_conn
    sock = connection.create_connection(
           ^^^^^^^^^^^^^^^^^^^^^^^^^^^^^
  File "C:\Users\budhi\Documents\IITM\DSAI Lab\Group-1-DS-and-AI-Lab-Project\.venv\Lib\site-packages\urllib3\util\connection.py", line 60, in create_connection
    for res in socket.getaddrinfo(host, port, family, socket.SOCK_STREAM):
               ^^^^^^^^^^^^^^^^^^^^^^^^^^^^^^^^^^^^^^^^^^^^^^^^^^^^^^^^^^
  File "C:\Python312\Lib\socket.py", line 976, in getaddrinfo
    for res in _socket.getaddrinfo(host, port, family, type, proto, flags):
               ^^^^^^^^^^^^^^^^^^^^^^^^^^^^^^^^^^^^^^^^^^^^^^^^^^^^^^^^^^^
socket.gaierror: [Errno 11001] getaddrinfo failed

The above exception was the direct cause of the following exception:

Traceback (most recent call last):
  File "C:\Users\budhi\Documents\IITM\DSAI Lab\Group-1-DS-and-AI-Lab-Project\.venv\Lib\site-packages\urllib3\connectionpool.py", line 787, in urlopen
    response = self._make_request(
               ^^^^^^^^^^^^^^^^^^^
  File "C:\Users\budhi\Documents\IITM\DSAI Lab\Group-1-DS-and-AI-Lab-Project\.venv\Lib\site-packages\urllib3\connectionpool.py", line 488, in _make_request
    raise new_e
  File "C:\Users\budhi\Documents\IITM\DSAI Lab\Group-1-DS-and-AI-Lab-Project\.venv\Lib\site-packages\urllib3\connectionpool.py", line 464, in _make_request
    self._validate_conn(conn)
  File "C:\Users\budhi\Documents\IITM\DSAI Lab\Group-1-DS-and-AI-Lab-Project\.venv\Lib\site-packages\urllib3\connectionpool.py", line 1093, in _validate_conn
    conn.connect()
  File "C:\Users\budhi\Documents\IITM\DSAI Lab\Group-1-DS-and-AI-Lab-Project\.venv\Lib\site-packages\urllib3\connection.py", line 759, in connect
    self.sock = sock = self._new_conn()
                       ^^^^^^^^^^^^^^^^
  File "C:\Users\budhi\Documents\IITM\DSAI Lab\Group-1-DS-and-AI-Lab-Project\.venv\Lib\site-packages\urllib3\connection.py", line 211, in _new_conn
    raise NameResolutionError(self.host, self, e) from e
urllib3.exceptions.NameResolutionError: HTTPSConnection(host='api.github.com', port=443): Failed to resolve 'api.github.com' ([Errno 11001] getaddrinfo failed)

The above exception was the direct cause of the following exception:

Traceback (most recent call last):
  File "C:\Users\budhi\Documents\IITM\DSAI Lab\Group-1-DS-and-AI-Lab-Project\.venv\Lib\site-packages\requests\adapters.py", line 645, in send
    resp = conn.urlopen(
           ^^^^^^^^^^^^^
  File "C:\Users\budhi\Documents\IITM\DSAI Lab\Group-1-DS-and-AI-Lab-Project\.venv\Lib\site-packages\urllib3\connectionpool.py", line 841, in urlopen
    retries = retries.increment(
              ^^^^^^^^^^^^^^^^^^
  File "C:\Users\budhi\Documents\IITM\DSAI Lab\Group-1-DS-and-AI-Lab-Project\.venv\Lib\site-packages\urllib3\util\retry.py", line 535, in increment
    raise MaxRetryError(_pool, url, reason) from reason  # type: ignore[arg-type]
    ^^^^^^^^^^^^^^^^^^^^^^^^^^^^^^^^^^^^^^^^^^^^^^^^^^^
urllib3.exceptions.MaxRetryError: HTTPSConnectionPool(host='api.github.com', port=443): Max retries exceeded with url: /repos/django/django/pulls/19816/comments (Caused by NameResolutionError("HTTPSConnection(host='api.github.com', port=443): Failed to resolve 'api.github.com' ([Errno 11001] getaddrinfo failed)"))

During handling of the above exception, another exception occurred:

Traceback (most recent call last):
  File "C:\Users\budhi\Documents\IITM\DSAI Lab\Group-1-DS-and-AI-Lab-Project\src\data_processing\pr_extraction.py", line 246, in <module>
    main()
  File "C:\Users\budhi\Documents\IITM\DSAI Lab\Group-1-DS-and-AI-Lab-Project\src\data_processing\pr_extraction.py", line 187, in main
    comments = github_get(comments_url)
               ^^^^^^^^^^^^^^^^^^^^^^^^
  File "C:\Users\budhi\Documents\IITM\DSAI Lab\Group-1-DS-and-AI-Lab-Project\src\data_processing\pr_extraction.py", line 28, in github_get
    res = requests.get(url, headers=HEADERS, params=params)
          ^^^^^^^^^^^^^^^^^^^^^^^^^^^^^^^^^^^^^^^^^^^^^^^^^
  File "C:\Users\budhi\Documents\IITM\DSAI Lab\Group-1-DS-and-AI-Lab-Project\.venv\Lib\site-packages\requests\api.py", line 73, in get
    return request("get", url, params=params, **kwargs)
           ^^^^^^^^^^^^^^^^^^^^^^^^^^^^^^^^^^^^^^^^^^^^
  File "C:\Users\budhi\Documents\IITM\DSAI Lab\Group-1-DS-and-AI-Lab-Project\.venv\Lib\site-packages\requests\api.py", line 59, in request
    return session.request(method=method, url=url, **kwargs)
           ^^^^^^^^^^^^^^^^^^^^^^^^^^^^^^^^^^^^^^^^^^^^^^^^^
  File "C:\Users\budhi\Documents\IITM\DSAI Lab\Group-1-DS-and-AI-Lab-Project\.venv\Lib\site-packages\requests\sessions.py", line 592, in request
    resp = self.send(prep, **send_kwargs)
           ^^^^^^^^^^^^^^^^^^^^^^^^^^^^^^
  File "C:\Users\budhi\Documents\IITM\DSAI Lab\Group-1-DS-and-AI-Lab-Project\.venv\Lib\site-packages\requests\sessions.py", line 706, in send
    r = adapter.send(request, **kwargs)
        ^^^^^^^^^^^^^^^^^^^^^^^^^^^^^^^
  File "C:\Users\budhi\Documents\IITM\DSAI Lab\Group-1-DS-and-AI-Lab-Project\.venv\Lib\site-packages\requests\adapters.py", line 678, in send
    raise ConnectionError(e, request=request)
requests.exceptions.ConnectionError: HTTPSConnectionPool(host='api.github.com', port=443): Max retries exceeded with url: /repos/django/django/pulls/19816/comments (Caused by NameResolutionError("HTTPSConnection(host='api.github.com', port=443): Failed to resolve 'api.github.com' ([Errno 11001] getaddrinfo failed)"))
