Loaded 0 existing samples for fastapi/fastapi. Processed PRs: 0
Starting extraction for fastapi/fastapi...
Fetching search page 1...
Inspecting PR #15200...
Inspecting PR #15166...
Inspecting PR #15151...
Inspecting PR #15148...
Inspecting PR #15145...
Inspecting PR #15139...
  Found 2 useful samples in PR #15139
  Total collected: 2/1000
Inspecting PR #15136...
Inspecting PR #15116...
Inspecting PR #15094...
Inspecting PR #15091...
  Found 9 useful samples in PR #15091
  Total collected: 11/1000
Inspecting PR #15088...
Inspecting PR #15074...
Inspecting PR #15008...
Inspecting PR #15007...
Inspecting PR #15001...
Inspecting PR #14994...
Inspecting PR #14992...
  Total collected: 11/1000
Inspecting PR #14979...
Inspecting PR #14974...
Inspecting PR #14951...
  Total collected: 11/1000
Inspecting PR #14948...
Inspecting PR #14946...
Inspecting PR #14944...
Inspecting PR #14940...
  Total collected: 11/1000
Inspecting PR #14934...
  Total collected: 11/1000
Inspecting PR #14876...
Inspecting PR #14875...
Inspecting PR #14873...
Inspecting PR #14866...
Inspecting PR #14839...
Fetching search page 2...
Inspecting PR #14838...
Inspecting PR #14834...
Inspecting PR #14828...
  Found 1 useful samples in PR #14828
  Total collected: 12/1000
Inspecting PR #14815...
Inspecting PR #14809...
  Found 1 useful samples in PR #14809
  Total collected: 13/1000
Inspecting PR #14806...
Inspecting PR #14795...
  Total collected: 13/1000
Inspecting PR #14794...
Inspecting PR #14791...
Inspecting PR #14789...
  Total collected: 13/1000
Inspecting PR #14786...
Inspecting PR #14785...
  Total collected: 13/1000
Inspecting PR #14778...
Inspecting PR #14777...
Inspecting PR #14776...
Inspecting PR #14758...
Inspecting PR #14757...
Inspecting PR #14756...
  Total collected: 13/1000
Inspecting PR #14753...
Inspecting PR #14751...
  Found 4 useful samples in PR #14751
  Total collected: 17/1000
Inspecting PR #14749...
Inspecting PR #14747...
  Total collected: 17/1000
Inspecting PR #14744...
  Total collected: 17/1000
Inspecting PR #14740...
Inspecting PR #14739...
  Total collected: 17/1000
Inspecting PR #14728...
Inspecting PR #14722...
Inspecting PR #14708...
  Total collected: 17/1000
Inspecting PR #14702...
Inspecting PR #14681...
  Found 2 useful samples in PR #14681
  Total collected: 19/1000
Fetching search page 3...
Inspecting PR #14676...
Inspecting PR #14656...
Inspecting PR #14652...
Inspecting PR #14641...
Inspecting PR #14616...
  Found 7 useful samples in PR #14616
  Total collected: 26/1000
Inspecting PR #14599...
  Total collected: 26/1000
Inspecting PR #14598...
  Total collected: 26/1000
Inspecting PR #14593...
Inspecting PR #14573...
  Found 1 useful samples in PR #14573
  Total collected: 27/1000
Inspecting PR #14569...
Inspecting PR #14555...
Inspecting PR #14554...
Inspecting PR #14553...
Inspecting PR #14510...
Inspecting PR #14492...
Inspecting PR #14480...
  Total collected: 27/1000
Inspecting PR #14479...
Inspecting PR #14472...
Inspecting PR #14463...
Inspecting PR #14458...
Inspecting PR #14457...
Inspecting PR #14453...
Inspecting PR #14430...
Inspecting PR #14416...
Inspecting PR #14413...
  Found 3 useful samples in PR #14413
  Total collected: 30/1000
Inspecting PR #14410...
  Total collected: 30/1000
Inspecting PR #14405...
Inspecting PR #14371...
  Found 1 useful samples in PR #14371
  Total collected: 31/1000
Inspecting PR #14369...
Inspecting PR #14361...
Fetching search page 4...
Inspecting PR #14360...
Inspecting PR #14358...
  Skipped huge chunk in tests/test_request_params/test_file/test_list.py (206 lines)
  Skipped huge chunk in tests/test_request_params/test_file/test_list.py (459 lines)
  Skipped huge chunk in tests/test_request_params/test_file/test_list.py (663 lines)
  Skipped huge chunk in tests/test_request_params/test_file/test_optional.py (364 lines)
  Skipped huge chunk in tests/test_request_params/test_file/test_optional.py (541 lines)
  Skipped huge chunk in tests/test_request_params/test_file/test_optional_list.py (204 lines)
  Skipped huge chunk in tests/test_request_params/test_file/test_optional_list.py (397 lines)
  Skipped huge chunk in tests/test_request_params/test_file/test_optional_list.py (577 lines)
  Skipped huge chunk in tests/test_request_params/test_file/test_required.py (422 lines)
  Skipped huge chunk in tests/test_request_params/test_file/test_required.py (615 lines)
  Found 6 useful samples in PR #14358
  Total collected: 37/1000
Inspecting PR #14356...
Inspecting PR #14307...
Inspecting PR #14306...
  Found 1 useful samples in PR #14306
  Total collected: 38/1000
Inspecting PR #14303...
Inspecting PR #14301...
Inspecting PR #14297...
Inspecting PR #14295...
  Found 1 useful samples in PR #14295
  Total collected: 39/1000
Inspecting PR #14291...
Inspecting PR #14289...
Inspecting PR #14282...
Inspecting PR #14266...
Inspecting PR #14260...
Inspecting PR #14258...
  Found 3 useful samples in PR #14258
  Total collected: 42/1000
Inspecting PR #14257...
Inspecting PR #14234...
Inspecting PR #14233...
Inspecting PR #14230...
Inspecting PR #14213...
Inspecting PR #14211...
Inspecting PR #14208...
Inspecting PR #14186...
  Total collected: 42/1000
Inspecting PR #14176...
Inspecting PR #14171...
Inspecting PR #14167...
Inspecting PR #14165...
Inspecting PR #14156...
Inspecting PR #14125...
Inspecting PR #14123...
Fetching search page 5...
Inspecting PR #14120...
  Total collected: 42/1000
Inspecting PR #14102...
Inspecting PR #14098...
Inspecting PR #14097...
Inspecting PR #14096...
Inspecting PR #14095...
Inspecting PR #14086...
Inspecting PR #14081...
Inspecting PR #14077...
  Found 1 useful samples in PR #14077
  Total collected: 43/1000
Inspecting PR #14070...
  Total collected: 43/1000
Inspecting PR #14062...
Inspecting PR #14059...
Inspecting PR #14055...
  Found 1 useful samples in PR #14055
  Total collected: 44/1000
Inspecting PR #14052...
Inspecting PR #14049...
  Total collected: 44/1000
Inspecting PR #14048...
Inspecting PR #14045...
Inspecting PR #14036...
  Found 10 useful samples in PR #14036
  Total collected: 54/1000
Inspecting PR #14033...
  Found 4 useful samples in PR #14033
  Total collected: 58/1000
Inspecting PR #14032...
  Found 1 useful samples in PR #14032
  Total collected: 59/1000
Inspecting PR #14022...
Inspecting PR #14015...
  Skipped huge chunk in scripts/translate.py (505 lines)
  Skipped huge chunk in scripts/translate.py (599 lines)
  Found 10 useful samples in PR #14015
  Total collected: 69/1000
Inspecting PR #14006...
  Total collected: 69/1000
Inspecting PR #13993...
  Total collected: 69/1000
Inspecting PR #13984...
Inspecting PR #13968...
Inspecting PR #13947...
Inspecting PR #13927...
Inspecting PR #13920...
  Found 10 useful samples in PR #13920
  Total collected: 79/1000
Inspecting PR #13917...
Fetching search page 6...
Inspecting PR #13906...
Inspecting PR #13886...
Inspecting PR #13870...
Inspecting PR #13864...
Inspecting PR #13827...
Inspecting PR #13824...
Inspecting PR #13815...
Inspecting PR #13814...
Inspecting PR #13809...
Inspecting PR #13800...
Inspecting PR #13799...
  Total collected: 79/1000
Inspecting PR #13797...
Inspecting PR #13793...
Inspecting PR #13792...
  Total collected: 79/1000
Inspecting PR #13791...
Inspecting PR #13786...
Inspecting PR #13762...
Inspecting PR #13714...
Inspecting PR #13713...
  Found 6 useful samples in PR #13713
  Total collected: 85/1000
Inspecting PR #13699...
Inspecting PR #13698...
Inspecting PR #13697...
Inspecting PR #13696...
Inspecting PR #13694...
Inspecting PR #13689...
Inspecting PR #13674...
Inspecting PR #13655...
Inspecting PR #13650...
  Total collected: 85/1000
Inspecting PR #13645...
Inspecting PR #13642...
Fetching search page 7...
Inspecting PR #13639...
  Found 2 useful samples in PR #13639
  Total collected: 87/1000
Inspecting PR #13631...
  Total collected: 87/1000
Inspecting PR #13600...
Inspecting PR #13599...
Inspecting PR #13571...
Inspecting PR #13543...
Inspecting PR #13542...
Inspecting PR #13541...
Inspecting PR #13537...
  Found 2 useful samples in PR #13537
  Total collected: 89/1000
Inspecting PR #13532...
Inspecting PR #13528...
Inspecting PR #13527...
Inspecting PR #13524...
Inspecting PR #13510...
Inspecting PR #13507...
Inspecting PR #13505...
  Found 1 useful samples in PR #13505
  Total collected: 90/1000
Inspecting PR #13444...
Inspecting PR #13436...
Inspecting PR #13437...
Inspecting PR #13426...
Inspecting PR #13415...
Inspecting PR #13413...
Inspecting PR #13411...
Inspecting PR #13409...
  Total collected: 90/1000
Inspecting PR #13408...
  Total collected: 90/1000
Inspecting PR #13407...
  Total collected: 90/1000
Inspecting PR #13406...
Inspecting PR #13405...
Inspecting PR #13401...
  Found 2 useful samples in PR #13401
  Total collected: 92/1000
Inspecting PR #13396...
Fetching search page 8...
Inspecting PR #13383...
  Total collected: 92/1000
Inspecting PR #13371...
  Total collected: 92/1000
Inspecting PR #13370...
  Total collected: 92/1000
Inspecting PR #13369...
  Found 4 useful samples in PR #13369
  Total collected: 96/1000
Inspecting PR #13366...
  Total collected: 96/1000
Inspecting PR #13362...
  Total collected: 96/1000
Inspecting PR #13354...
  Total collected: 96/1000
Inspecting PR #13347...
Inspecting PR #13330...
  Total collected: 96/1000
Inspecting PR #13329...
Inspecting PR #13323...
Inspecting PR #13314...
Inspecting PR #13313...
Inspecting PR #13299...
Inspecting PR #13289...
Inspecting PR #13259...
  Found 2 useful samples in PR #13259
  Total collected: 98/1000
Inspecting PR #13237...
Inspecting PR #13230...
Inspecting PR #13223...
Inspecting PR #13220...
Inspecting PR #13219...
Inspecting PR #13218...
Inspecting PR #13209...
Inspecting PR #13207...
  Found 1 useful samples in PR #13207
  Total collected: 99/1000
Inspecting PR #13203...
  Found 1 useful samples in PR #13203
  Total collected: 100/1000
Inspecting PR #13202...
Inspecting PR #13201...
Inspecting PR #13200...
Inspecting PR #13199...
Inspecting PR #13197...
Fetching search page 9...
Inspecting PR #13195...
Inspecting PR #13194...
Inspecting PR #13185...
Inspecting PR #13184...
Inspecting PR #13183...
  Found 3 useful samples in PR #13183
  Total collected: 103/1000
Inspecting PR #13182...
  Found 3 useful samples in PR #13182
  Total collected: 106/1000
Inspecting PR #13181...
Inspecting PR #13180...
Inspecting PR #13179...
  Found 1 useful samples in PR #13179
  Total collected: 107/1000
Inspecting PR #13178...
Inspecting PR #13177...
Inspecting PR #13176...
Inspecting PR #13174...
  Found 1 useful samples in PR #13174
  Total collected: 108/1000
Inspecting PR #13172...
Inspecting PR #13171...
Inspecting PR #13170...
Inspecting PR #13169...
Inspecting PR #13168...
Inspecting PR #13167...
Inspecting PR #13166...
Inspecting PR #13158...
Inspecting PR #13155...
Inspecting PR #13147...
Inspecting PR #13135...
  Found 2 useful samples in PR #13135
  Total collected: 110/1000
Inspecting PR #13123...
Inspecting PR #13122...
Inspecting PR #13118...
Inspecting PR #13117...
Inspecting PR #13114...
  Found 1 useful samples in PR #13114
  Total collected: 111/1000
Inspecting PR #13107...
Fetching search page 10...
Inspecting PR #13102...
Inspecting PR #13061...
Inspecting PR #13037...
  Found 1 useful samples in PR #13037
  Total collected: 112/1000
Inspecting PR #13011...
Inspecting PR #12997...
  Found 1 useful samples in PR #12997
  Total collected: 113/1000
Inspecting PR #12994...
Inspecting PR #12972...
  Found 10 useful samples in PR #12972
  Total collected: 123/1000
Inspecting PR #12971...
Inspecting PR #12970...
  Found 1 useful samples in PR #12970
  Total collected: 124/1000
Inspecting PR #12942...
Inspecting PR #12935...
  Found 1 useful samples in PR #12935
  Total collected: 125/1000
Inspecting PR #12861...
  Total collected: 125/1000
Inspecting PR #12819...
Inspecting PR #12815...
Inspecting PR #12814...
Inspecting PR #12773...
Inspecting PR #12769...
Inspecting PR #12757...
  Total collected: 125/1000
Inspecting PR #12754...
Inspecting PR #12742...
Inspecting PR #12736...
Inspecting PR #12712...
Inspecting PR #12689...
Inspecting PR #12685...
Inspecting PR #12676...
  Total collected: 125/1000
Inspecting PR #12675...
  Total collected: 125/1000
Inspecting PR #12653...
Inspecting PR #12650...
Inspecting PR #12649...
Inspecting PR #12648...
Fetching search page 11...
Inspecting PR #12647...
Inspecting PR #12635...
Inspecting PR #12594...
Inspecting PR #12534...
  Found 8 useful samples in PR #12534
  Total collected: 133/1000
Inspecting PR #12509...
Inspecting PR #12494...
Inspecting PR #12457...
  Total collected: 133/1000
Inspecting PR #12256...
Inspecting PR #12223...
Inspecting PR #12200...
  Total collected: 133/1000
Inspecting PR #12197...
  Found 3 useful samples in PR #12197
  Total collected: 136/1000
Inspecting PR #12161...
Inspecting PR #12158...
  Total collected: 136/1000
Inspecting PR #12145...
  Found 1 useful samples in PR #12145
  Total collected: 137/1000
Inspecting PR #12143...
Inspecting PR #12118...
Inspecting PR #12105...
Inspecting PR #12101...
  Total collected: 137/1000
Inspecting PR #12079...
Inspecting PR #12070...
Inspecting PR #12063...
Inspecting PR #12062...
  Total collected: 137/1000
Inspecting PR #12045...
Inspecting PR #12044...
Inspecting PR #11996...
Inspecting PR #11947...
Inspecting PR #11876...
Inspecting PR #11867...
Inspecting PR #11836...
Inspecting PR #11820...
  Total collected: 137/1000
Fetching search page 12...
Inspecting PR #11818...
Inspecting PR #11744...
Inspecting PR #11727...
Inspecting PR #11703...
  Total collected: 137/1000
Inspecting PR #11697...
  Total collected: 137/1000
Inspecting PR #11579...
Inspecting PR #11530...
Inspecting PR #11515...
Inspecting PR #11504...
Inspecting PR #11478...
Inspecting PR #11460...
  Found 1 useful samples in PR #11460
  Total collected: 138/1000
Inspecting PR #11441...
  Found 1 useful samples in PR #11441
  Total collected: 139/1000
Inspecting PR #11415...
Inspecting PR #11400...
Inspecting PR #11376...
  Total collected: 139/1000
Inspecting PR #11362...
Inspecting PR #11355...
  Found 6 useful samples in PR #11355
  Total collected: 145/1000
Inspecting PR #11350...
Inspecting PR #11268...
Inspecting PR #11266...
  Total collected: 145/1000
Inspecting PR #11263...
Inspecting PR #11255...
  Found 4 useful samples in PR #11255
  Total collected: 149/1000
Inspecting PR #11238...
Inspecting PR #11201...
  Total collected: 149/1000
Inspecting PR #11200...
  Found 3 useful samples in PR #11200
  Total collected: 152/1000
Inspecting PR #11194...
  Found 3 useful samples in PR #11194
  Total collected: 155/1000
Inspecting PR #11189...
Inspecting PR #11176...
  Total collected: 155/1000
Inspecting PR #11152...
  Total collected: 155/1000
Inspecting PR #11100...
Fetching search page 13...
Inspecting PR #11075...
  Total collected: 155/1000
Inspecting PR #11049...
Inspecting PR #11032...
Inspecting PR #11011...
Inspecting PR #10960...
Inspecting PR #10959...
Inspecting PR #10957...
Inspecting PR #10947...
Inspecting PR #10943...
Inspecting PR #10933...
  Total collected: 155/1000
Inspecting PR #10931...
Inspecting PR #10928...
  Total collected: 155/1000
Inspecting PR #10909...
Inspecting PR #10908...
Inspecting PR #10907...
Inspecting PR #10906...
Inspecting PR #10904...
Inspecting PR #10902...
Inspecting PR #10895...
Inspecting PR #10885...
Inspecting PR #10849...
Inspecting PR #10834...
Inspecting PR #10826...
Inspecting PR #10809...
Inspecting PR #10749...
Inspecting PR #10734...
Inspecting PR #10711...
Inspecting PR #10680...
Inspecting PR #10673...
Inspecting PR #10666...
Fetching search page 14...
Inspecting PR #10649...
Inspecting PR #10638...
  Found 1 useful samples in PR #10638
  Total collected: 156/1000
Inspecting PR #10592...
Inspecting PR #10590...
  Total collected: 156/1000
Inspecting PR #10552...
Inspecting PR #10520...
Inspecting PR #10469...
Inspecting PR #10467...
Inspecting PR #10442...
Inspecting PR #10393...
Inspecting PR #10376...
Inspecting PR #10319...
  Found 2 useful samples in PR #10319
  Total collected: 158/1000
Inspecting PR #10294...
  Found 3 useful samples in PR #10294
  Total collected: 161/1000
Inspecting PR #10265...
Inspecting PR #10257...
  Found 1 useful samples in PR #10257
  Total collected: 162/1000
Inspecting PR #10243...
Inspecting PR #10224...
  Total collected: 162/1000
Inspecting PR #10212...
Inspecting PR #10091...
Inspecting PR #10052...
Inspecting PR #10046...
  Total collected: 162/1000
Inspecting PR #10043...
Inspecting PR #9928...
  Found 1 useful samples in PR #9928
  Total collected: 163/1000
Inspecting PR #9878...
Inspecting PR #9854...
Inspecting PR #9847...
Inspecting PR #9840...
  Found 1 useful samples in PR #9840
  Total collected: 164/1000
Inspecting PR #9835...
Inspecting PR #9829...
  Total collected: 164/1000
Inspecting PR #9823...
Fetching search page 15...
Inspecting PR #9811...
Inspecting PR #9806...
Inspecting PR #9783...
Inspecting PR #9762...
Inspecting PR #9753...
  Found 2 useful samples in PR #9753
  Total collected: 166/1000
Inspecting PR #9733...
Inspecting PR #9712...
  Total collected: 166/1000
Inspecting PR #9704...
  Found 5 useful samples in PR #9704
  Total collected: 171/1000
Inspecting PR #9701...
Inspecting PR #9700...
Inspecting PR #9669...
  Total collected: 171/1000
Inspecting PR #9630...
  Found 1 useful samples in PR #9630
  Total collected: 172/1000
Inspecting PR #9625...
Inspecting PR #9591...
  Found 5 useful samples in PR #9591
  Total collected: 177/1000
Inspecting PR #9590...
Inspecting PR #9578...
Inspecting PR #9559...
Inspecting PR #9555...
Inspecting PR #9533...
  Total collected: 177/1000
Inspecting PR #9517...
  Found 1 useful samples in PR #9517
  Total collected: 178/1000
Inspecting PR #9508...
Inspecting PR #9479...
Inspecting PR #9425...
  Found 1 useful samples in PR #9425
  Total collected: 179/1000
Inspecting PR #9410...
  Found 2 useful samples in PR #9410
  Total collected: 181/1000
Inspecting PR #9396...
  Total collected: 181/1000
Inspecting PR #9356...
  Total collected: 181/1000
Inspecting PR #9337...
Inspecting PR #9319...
Inspecting PR #9282...
Inspecting PR #9272...
Fetching search page 16...
Inspecting PR #9240...
Inspecting PR #6039...
  Found 1 useful samples in PR #6039
  Total collected: 182/1000
Inspecting PR #6018...
Inspecting PR #5975...
Inspecting PR #5913...
  Found 2 useful samples in PR #5913
  Total collected: 184/1000
Inspecting PR #5855...
  Found 3 useful samples in PR #5855
  Total collected: 187/1000
Inspecting PR #5624...
  Found 1 useful samples in PR #5624
  Total collected: 188/1000
Inspecting PR #5506...
  Found 2 useful samples in PR #5506
  Total collected: 190/1000
Inspecting PR #5405...
Inspecting PR #5385...
  Total collected: 190/1000
Inspecting PR #5365...
  Found 1 useful samples in PR #5365
  Total collected: 191/1000
Inspecting PR #5354...
  Found 1 useful samples in PR #5354
  Total collected: 192/1000
Inspecting PR #5332...
  Found 2 useful samples in PR #5332
  Total collected: 194/1000
Inspecting PR #5273...
Inspecting PR #5077...
  Found 1 useful samples in PR #5077
  Total collected: 195/1000
Inspecting PR #5052...
  Found 4 useful samples in PR #5052
  Total collected: 199/1000
Inspecting PR #4972...
  Found 2 useful samples in PR #4972
  Total collected: 201/1000
Inspecting PR #4958...
Inspecting PR #4910...
  Total collected: 201/1000
Inspecting PR #4791...
Inspecting PR #4774...
  Total collected: 201/1000
Inspecting PR #4693...
Inspecting PR #4647...
  Found 1 useful samples in PR #4647
  Total collected: 202/1000
Inspecting PR #4543...
  Total collected: 202/1000
Inspecting PR #4500...
Inspecting PR #4482...
Inspecting PR #4416...
  Found 6 useful samples in PR #4416
  Total collected: 208/1000
Inspecting PR #4167...
  Total collected: 208/1000
Inspecting PR #4145...
  Total collected: 208/1000
Inspecting PR #4137...
  Total collected: 208/1000
Fetching search page 17...
Inspecting PR #4104...
  Total collected: 208/1000
Inspecting PR #4083...
  Total collected: 208/1000
Inspecting PR #4042...
Inspecting PR #3925...
Inspecting PR #3770...
Inspecting PR #3750...
Inspecting PR #3618...
  Total collected: 208/1000
Inspecting PR #3432...
Inspecting PR #3362...
Inspecting PR #3337...
  Total collected: 208/1000
Inspecting PR #3233...
Inspecting PR #3161...
Inspecting PR #3142...
  Found 1 useful samples in PR #3142
  Total collected: 209/1000
Inspecting PR #3131...
Inspecting PR #3125...
  Total collected: 209/1000
Inspecting PR #2939...
  Found 3 useful samples in PR #2939
  Total collected: 212/1000
Inspecting PR #2790...
  Total collected: 212/1000
Inspecting PR #2656...
Inspecting PR #2613...
Inspecting PR #2557...
Inspecting PR #2486...
Inspecting PR #2424...
Inspecting PR #2407...
Inspecting PR #2307...
Inspecting PR #2280...
Inspecting PR #2276...
Inspecting PR #2245...
Inspecting PR #2231...
Inspecting PR #2206...
Inspecting PR #2204...
Fetching search page 18...
Inspecting PR #2126...
Inspecting PR #2120...
Inspecting PR #2100...
Inspecting PR #2085...
Inspecting PR #2020...
Inspecting PR #2016...
Inspecting PR #1995...
Inspecting PR #1916...
Inspecting PR #1895...
Inspecting PR #1887...
Inspecting PR #1875...
Inspecting PR #1824...
Inspecting PR #1822...
  Total collected: 212/1000
Inspecting PR #1815...
Inspecting PR #1807...
Inspecting PR #1795...
Inspecting PR #1789...
Inspecting PR #1760...
Inspecting PR #1759...
Inspecting PR #1753...
  Found 10 useful samples in PR #1753
  Total collected: 222/1000
Inspecting PR #1717...
  Total collected: 222/1000
Inspecting PR #1675...
  Total collected: 222/1000
Inspecting PR #1659...
Inspecting PR #1651...
  Found 2 useful samples in PR #1651
  Total collected: 224/1000
Inspecting PR #1627...
  Found 8 useful samples in PR #1627
  Total collected: 232/1000
Inspecting PR #1610...
Inspecting PR #1603...
Inspecting PR #1602...
  Total collected: 232/1000
Inspecting PR #1591...
  Total collected: 232/1000
Inspecting PR #1590...
  Total collected: 232/1000
Fetching search page 19...
Inspecting PR #1578...
Inspecting PR #1565...
Inspecting PR #1560...
  Found 1 useful samples in PR #1560
  Total collected: 233/1000
Inspecting PR #1542...
  Found 5 useful samples in PR #1542
  Total collected: 238/1000
Inspecting PR #1541...
  Found 6 useful samples in PR #1541
  Total collected: 244/1000
Inspecting PR #1537...
  Found 2 useful samples in PR #1537
  Total collected: 246/1000
Inspecting PR #1526...
Inspecting PR #1443...
  Total collected: 246/1000
Inspecting PR #1353...
  Total collected: 246/1000
Inspecting PR #1346...
  Total collected: 246/1000
Inspecting PR #1290...
  Total collected: 246/1000
Inspecting PR #1253...
  Total collected: 246/1000
Inspecting PR #1252...
  Total collected: 246/1000
Inspecting PR #1251...
  Total collected: 246/1000
Inspecting PR #1250...
  Total collected: 246/1000
Inspecting PR #1244...
  Total collected: 246/1000
Inspecting PR #1223...
  Total collected: 246/1000
Inspecting PR #1201...
  Total collected: 246/1000
Inspecting PR #987...
Inspecting PR #916...
Inspecting PR #865...
Inspecting PR #856...
Inspecting PR #722...
  Found 2 useful samples in PR #722
  Total collected: 248/1000
Inspecting PR #464...
  Found 30 useful samples in PR #464
  Total collected: 278/1000
Inspecting PR #451...
  Found 3 useful samples in PR #451
  Total collected: 281/1000
Inspecting PR #241...
  Found 2 useful samples in PR #241
  Total collected: 283/1000
Inspecting PR #222...
  Found 1 useful samples in PR #222
  Total collected: 284/1000
Inspecting PR #112...
  Found 3 useful samples in PR #112
  Total collected: 287/1000
Inspecting PR #100...
  Found 1 useful samples in PR #100
  Total collected: 288/1000
Fetching search page 20...
No more PRs found.
Finished extraction. Total samples: 288
