Loaded 0 existing samples for pandas-dev/pandas. Processed PRs: 0
Starting extraction for pandas-dev/pandas...
Fetching search page 1...
Inspecting PR #64903...
  Found 2 useful samples in PR #64903
  Total collected: 2/1000
Inspecting PR #64901...
Inspecting PR #64900...
Inspecting PR #64898...
Inspecting PR #64897...
Inspecting PR #64892...
Inspecting PR #64891...
Inspecting PR #64887...
Inspecting PR #64886...
Inspecting PR #64874...
Inspecting PR #64869...
Inspecting PR #64862...
Inspecting PR #64860...
Inspecting PR #64859...
Inspecting PR #64858...
Inspecting PR #64856...
Inspecting PR #64850...
Inspecting PR #64846...
Inspecting PR #64845...
Inspecting PR #64840...
Inspecting PR #64832...
Inspecting PR #64830...
Inspecting PR #64818...
Inspecting PR #64816...
  Found 2 useful samples in PR #64816
  Total collected: 4/1000
Inspecting PR #64815...
Inspecting PR #64814...
Inspecting PR #64813...
Inspecting PR #64812...
Inspecting PR #64809...
Inspecting PR #64807...
  Found 2 useful samples in PR #64807
  Total collected: 6/1000
Fetching search page 2...
Inspecting PR #64806...
Inspecting PR #64791...
Inspecting PR #64788...
Inspecting PR #64787...
Inspecting PR #64785...
Inspecting PR #64770...
  Total collected: 6/1000
Inspecting PR #64767...
  Found 2 useful samples in PR #64767
  Total collected: 8/1000
Inspecting PR #64766...
  Found 1 useful samples in PR #64766
  Total collected: 9/1000
Inspecting PR #64765...
Inspecting PR #64764...
  Found 2 useful samples in PR #64764
  Total collected: 11/1000
Inspecting PR #64762...
  Found 1 useful samples in PR #64762
  Total collected: 12/1000
Inspecting PR #64761...
  Found 6 useful samples in PR #64761
  Total collected: 18/1000
Inspecting PR #64758...
Inspecting PR #64756...
  Found 1 useful samples in PR #64756
  Total collected: 19/1000
Inspecting PR #64755...
Inspecting PR #64754...
Inspecting PR #64753...
  Total collected: 19/1000
Inspecting PR #64748...
  Total collected: 19/1000
Inspecting PR #64745...
Inspecting PR #64743...
Inspecting PR #64739...
Inspecting PR #64736...
Inspecting PR #64734...
Inspecting PR #64729...
Inspecting PR #64725...
  Found 1 useful samples in PR #64725
  Total collected: 20/1000
Inspecting PR #64724...
Inspecting PR #64720...
Inspecting PR #64718...
Inspecting PR #64715...
  Total collected: 20/1000
Inspecting PR #64709...
  Total collected: 20/1000
Fetching search page 3...
Inspecting PR #64705...
  Found 4 useful samples in PR #64705
  Total collected: 24/1000
Inspecting PR #64700...
Inspecting PR #64689...
  Found 9 useful samples in PR #64689
  Total collected: 33/1000
Inspecting PR #64683...
  Found 1 useful samples in PR #64683
  Total collected: 34/1000
Inspecting PR #64677...
Inspecting PR #64674...
Inspecting PR #64673...
Inspecting PR #64670...
  Total collected: 34/1000
Inspecting PR #64669...
  Total collected: 34/1000
Inspecting PR #64668...
  Found 2 useful samples in PR #64668
  Total collected: 36/1000
Inspecting PR #64666...
Inspecting PR #64665...
Inspecting PR #64648...
  Found 1 useful samples in PR #64648
  Total collected: 37/1000
Inspecting PR #64646...
  Found 2 useful samples in PR #64646
  Total collected: 39/1000
Inspecting PR #64643...
  Found 2 useful samples in PR #64643
  Total collected: 41/1000
Inspecting PR #64640...
  Found 1 useful samples in PR #64640
  Total collected: 42/1000
Inspecting PR #64639...
Inspecting PR #64638...
Inspecting PR #64634...
  Found 3 useful samples in PR #64634
  Total collected: 45/1000
Inspecting PR #64632...
  Found 1 useful samples in PR #64632
  Total collected: 46/1000
Inspecting PR #64629...
Inspecting PR #64623...
  Found 1 useful samples in PR #64623
  Total collected: 47/1000
Inspecting PR #64621...
Inspecting PR #64620...
Inspecting PR #64619...
  Found 1 useful samples in PR #64619
  Total collected: 48/1000
Inspecting PR #64618...
Inspecting PR #64615...
Inspecting PR #64614...
Inspecting PR #64612...
Inspecting PR #64611...
Fetching search page 4...
Inspecting PR #64610...
Inspecting PR #64608...
  Found 1 useful samples in PR #64608
  Total collected: 49/1000
Inspecting PR #64607...
Inspecting PR #64606...
Inspecting PR #64605...
Inspecting PR #64603...
Inspecting PR #64599...
Inspecting PR #64595...
  Found 2 useful samples in PR #64595
  Total collected: 51/1000
Inspecting PR #64590...
  Found 1 useful samples in PR #64590
  Total collected: 52/1000
Inspecting PR #64580...
Inspecting PR #64579...
Inspecting PR #64575...
Inspecting PR #64573...
  Found 1 useful samples in PR #64573
  Total collected: 53/1000
Inspecting PR #64572...
  Found 3 useful samples in PR #64572
  Total collected: 56/1000
Inspecting PR #64570...
Inspecting PR #64569...
Inspecting PR #64565...
Inspecting PR #64564...
Inspecting PR #64563...
Inspecting PR #64562...
  Found 13 useful samples in PR #64562
  Total collected: 69/1000
Inspecting PR #64561...
Inspecting PR #64556...
  Found 4 useful samples in PR #64556
  Total collected: 73/1000
Inspecting PR #64554...
Inspecting PR #64553...
Inspecting PR #64552...
Inspecting PR #64550...
Inspecting PR #64549...
Inspecting PR #64548...
Inspecting PR #64547...
  Found 1 useful samples in PR #64547
  Total collected: 74/1000
Inspecting PR #64545...
  Found 1 useful samples in PR #64545
  Total collected: 75/1000
Fetching search page 5...
Inspecting PR #64544...
  Found 1 useful samples in PR #64544
  Total collected: 76/1000
Inspecting PR #64543...
  Total collected: 76/1000
Inspecting PR #64542...
  Found 2 useful samples in PR #64542
  Total collected: 78/1000
Inspecting PR #64540...
Inspecting PR #64539...
Inspecting PR #64538...
  Found 1 useful samples in PR #64538
  Total collected: 79/1000
Inspecting PR #64536...
Inspecting PR #64534...
Inspecting PR #64532...
Inspecting PR #64529...
  Found 1 useful samples in PR #64529
  Total collected: 80/1000
Inspecting PR #64523...
Inspecting PR #64522...
Inspecting PR #64521...
Inspecting PR #64520...
Inspecting PR #64519...
Inspecting PR #64518...
Inspecting PR #64517...
Inspecting PR #64516...
  Found 1 useful samples in PR #64516
  Total collected: 81/1000
Inspecting PR #64514...
Inspecting PR #64512...
Inspecting PR #64510...
  Found 2 useful samples in PR #64510
  Total collected: 83/1000
Inspecting PR #64509...
Inspecting PR #64508...
Inspecting PR #64505...
Inspecting PR #64504...
Inspecting PR #64503...
Inspecting PR #64501...
Inspecting PR #64500...
Inspecting PR #64499...
Inspecting PR #64498...
Fetching search page 6...
Inspecting PR #64495...
Inspecting PR #64494...
Inspecting PR #64493...
  Total collected: 83/1000
Inspecting PR #64492...
  Found 2 useful samples in PR #64492
  Total collected: 85/1000
Inspecting PR #64491...
Inspecting PR #64489...
Inspecting PR #64485...
Inspecting PR #64484...
Inspecting PR #64483...
Inspecting PR #64482...
Inspecting PR #64481...
  Found 1 useful samples in PR #64481
  Total collected: 86/1000
Inspecting PR #64480...
Inspecting PR #64477...
Inspecting PR #64471...
Inspecting PR #64470...
Inspecting PR #64469...
Inspecting PR #64468...
Inspecting PR #64467...
Inspecting PR #64466...
Inspecting PR #64465...
Inspecting PR #64464...
Inspecting PR #64463...
Inspecting PR #64462...
Inspecting PR #64457...
Inspecting PR #64456...
Inspecting PR #64455...
Inspecting PR #64453...
  Found 1 useful samples in PR #64453
  Total collected: 87/1000
Inspecting PR #64452...
Inspecting PR #64451...
  Found 6 useful samples in PR #64451
  Total collected: 93/1000
Inspecting PR #64448...
  Found 2 useful samples in PR #64448
  Total collected: 95/1000
Fetching search page 7...
Inspecting PR #64447...
Inspecting PR #64445...
Inspecting PR #64444...
Inspecting PR #64443...
Inspecting PR #64442...
Inspecting PR #64441...
Inspecting PR #64440...
Inspecting PR #64439...
Inspecting PR #64438...
  Total collected: 95/1000
Inspecting PR #64437...
Inspecting PR #64436...
Inspecting PR #64432...
  Total collected: 95/1000
Inspecting PR #64423...
Inspecting PR #64418...
Inspecting PR #64412...
Inspecting PR #64396...
Inspecting PR #64389...
Inspecting PR #64388...
  Found 6 useful samples in PR #64388
  Total collected: 101/1000
Inspecting PR #64385...
Inspecting PR #64382...
Inspecting PR #64380...
Inspecting PR #64378...
Inspecting PR #64375...
Inspecting PR #64374...
  Found 1 useful samples in PR #64374
  Total collected: 102/1000
Inspecting PR #64370...
Inspecting PR #64369...
Inspecting PR #64367...
Inspecting PR #64366...
  Found 3 useful samples in PR #64366
  Total collected: 105/1000
Inspecting PR #64365...
  Found 3 useful samples in PR #64365
  Total collected: 108/1000
Inspecting PR #64362...
Fetching search page 8...
Inspecting PR #64359...
Inspecting PR #64357...
Inspecting PR #64356...
  Total collected: 108/1000
Inspecting PR #64355...
Inspecting PR #64352...
Inspecting PR #64351...
Inspecting PR #64348...
Inspecting PR #64346...
Inspecting PR #64344...
  Found 1 useful samples in PR #64344
  Total collected: 109/1000
Inspecting PR #64340...
Inspecting PR #64339...
  Found 2 useful samples in PR #64339
  Total collected: 111/1000
Inspecting PR #64332...
  Total collected: 111/1000
Inspecting PR #64330...
Inspecting PR #64329...
Inspecting PR #64328...
Inspecting PR #64324...
Inspecting PR #64318...
  Total collected: 111/1000
Inspecting PR #64317...
  Found 1 useful samples in PR #64317
  Total collected: 112/1000
Inspecting PR #64316...
Inspecting PR #64311...
Inspecting PR #64309...
Inspecting PR #64304...
Inspecting PR #64301...
Inspecting PR #64299...
Inspecting PR #64295...
Inspecting PR #64270...
  Total collected: 112/1000
Inspecting PR #64268...
Inspecting PR #64262...
Inspecting PR #64261...
Inspecting PR #64260...
Fetching search page 9...
Inspecting PR #64259...
Inspecting PR #64258...
Inspecting PR #64257...
Inspecting PR #64256...
Inspecting PR #64248...
Inspecting PR #64247...
Inspecting PR #64246...
Inspecting PR #64245...
Inspecting PR #64244...
  Found 1 useful samples in PR #64244
  Total collected: 113/1000
Inspecting PR #64242...
Inspecting PR #64235...
  Found 4 useful samples in PR #64235
  Total collected: 117/1000
Inspecting PR #64231...
Inspecting PR #64230...
  Found 13 useful samples in PR #64230
  Total collected: 130/1000
Inspecting PR #64226...
Inspecting PR #64225...
Inspecting PR #64218...
Inspecting PR #64217...
Inspecting PR #64213...
Inspecting PR #64212...
  Found 3 useful samples in PR #64212
  Total collected: 133/1000
Inspecting PR #64210...
  Found 3 useful samples in PR #64210
  Total collected: 136/1000
Inspecting PR #64209...
Inspecting PR #64191...
Inspecting PR #64182...
Inspecting PR #64181...
Inspecting PR #64177...
Inspecting PR #64176...
Inspecting PR #64171...
Inspecting PR #64168...
  Total collected: 136/1000
Inspecting PR #64167...
Inspecting PR #64162...
Fetching search page 10...
Inspecting PR #64160...
Inspecting PR #64159...
Inspecting PR #64158...
Inspecting PR #64156...
Inspecting PR #64154...
Inspecting PR #64151...
Inspecting PR #64149...
  Found 2 useful samples in PR #64149
  Total collected: 138/1000
Inspecting PR #64143...
Inspecting PR #64138...
  Found 3 useful samples in PR #64138
  Total collected: 141/1000
Inspecting PR #64137...
  Total collected: 141/1000
Inspecting PR #64136...
Inspecting PR #64135...
Inspecting PR #64134...
  Found 8 useful samples in PR #64134
  Total collected: 149/1000
Inspecting PR #64130...
  Found 1 useful samples in PR #64130
  Total collected: 150/1000
Inspecting PR #64128...
  Found 1 useful samples in PR #64128
  Total collected: 151/1000
Inspecting PR #64127...
  Found 2 useful samples in PR #64127
  Total collected: 153/1000
Inspecting PR #64125...
Inspecting PR #64124...
Inspecting PR #64122...
Inspecting PR #64119...
  Total collected: 153/1000
Inspecting PR #64113...
  Total collected: 153/1000
Inspecting PR #64112...
  Found 2 useful samples in PR #64112
  Total collected: 155/1000
Inspecting PR #64111...
  Found 2 useful samples in PR #64111
  Total collected: 157/1000
Inspecting PR #64106...
Inspecting PR #64105...
  Found 1 useful samples in PR #64105
  Total collected: 158/1000
Inspecting PR #64104...
  Total collected: 158/1000
Inspecting PR #64101...
Inspecting PR #64098...
Inspecting PR #64097...
  Found 3 useful samples in PR #64097
  Total collected: 161/1000
Inspecting PR #64092...
  Found 1 useful samples in PR #64092
  Total collected: 162/1000
Fetching search page 11...
Inspecting PR #64081...
  Found 3 useful samples in PR #64081
  Total collected: 165/1000
Inspecting PR #64080...
Inspecting PR #64077...
  Found 9 useful samples in PR #64077
  Total collected: 174/1000
Inspecting PR #64076...
Inspecting PR #64073...
Inspecting PR #64072...
Inspecting PR #64071...
Inspecting PR #64068...
  Found 1 useful samples in PR #64068
  Total collected: 175/1000
Inspecting PR #64062...
Inspecting PR #64059...
Inspecting PR #64053...
Inspecting PR #64052...
Inspecting PR #64050...
Inspecting PR #64049...
Inspecting PR #64048...
  Found 3 useful samples in PR #64048
  Total collected: 178/1000
Inspecting PR #64042...
Inspecting PR #64035...
Inspecting PR #64034...
Inspecting PR #64033...
Inspecting PR #64032...
Inspecting PR #64031...
Inspecting PR #64030...
Inspecting PR #64027...
  Found 2 useful samples in PR #64027
  Total collected: 180/1000
Inspecting PR #64025...
  Found 4 useful samples in PR #64025
  Total collected: 184/1000
Inspecting PR #64022...
Inspecting PR #64021...
Inspecting PR #64020...
Inspecting PR #64017...
Inspecting PR #64013...
  Total collected: 184/1000
Inspecting PR #64009...
  Total collected: 184/1000
Fetching search page 12...
Inspecting PR #64008...
  Found 2 useful samples in PR #64008
  Total collected: 186/1000
Inspecting PR #64004...
  Found 3 useful samples in PR #64004
  Total collected: 189/1000
Inspecting PR #64003...
Inspecting PR #64001...
Inspecting PR #64000...
Inspecting PR #63999...
Inspecting PR #63996...
Inspecting PR #63995...
Inspecting PR #63994...
  Found 3 useful samples in PR #63994
  Total collected: 192/1000
Inspecting PR #63986...
Inspecting PR #63985...
Inspecting PR #63984...
Inspecting PR #63982...
Inspecting PR #63979...
  Found 2 useful samples in PR #63979
  Total collected: 194/1000
Inspecting PR #63978...
Inspecting PR #63977...
Inspecting PR #63976...
Inspecting PR #63975...
  Found 3 useful samples in PR #63975
  Total collected: 197/1000
Inspecting PR #63974...
Inspecting PR #63972...
Inspecting PR #63971...
Inspecting PR #63970...
Inspecting PR #63969...
  Total collected: 197/1000
Inspecting PR #63968...
Inspecting PR #63966...
Inspecting PR #63961...
Inspecting PR #63960...
Inspecting PR #63958...
Inspecting PR #63956...
Inspecting PR #63955...
  Total collected: 197/1000
Fetching search page 13...
Inspecting PR #63953...
Inspecting PR #63952...
Inspecting PR #63951...
Inspecting PR #63950...
Inspecting PR #63949...
Inspecting PR #63948...
Inspecting PR #63947...
Inspecting PR #63946...
Inspecting PR #63945...
  Found 1 useful samples in PR #63945
  Total collected: 198/1000
Inspecting PR #63944...
Inspecting PR #63943...
Inspecting PR #63942...
  Found 4 useful samples in PR #63942
  Total collected: 202/1000
Inspecting PR #63941...
  Found 1 useful samples in PR #63941
  Total collected: 203/1000
Inspecting PR #63930...
Inspecting PR #63929...
Inspecting PR #63928...
Inspecting PR #63927...
Inspecting PR #63926...
Inspecting PR #63925...
  Found 7 useful samples in PR #63925
  Total collected: 210/1000
Inspecting PR #63924...
Inspecting PR #63923...
Inspecting PR #63922...
Inspecting PR #63914...
  Found 11 useful samples in PR #63914
  Total collected: 221/1000
Inspecting PR #63911...
Inspecting PR #63908...
Inspecting PR #63905...
Inspecting PR #63900...
  Found 1 useful samples in PR #63900
  Total collected: 222/1000
Inspecting PR #63897...
Inspecting PR #63892...
Inspecting PR #63891...
  Total collected: 222/1000
Fetching search page 14...
Inspecting PR #63890...
  Found 3 useful samples in PR #63890
  Total collected: 225/1000
Inspecting PR #63888...
Inspecting PR #63887...
  Found 11 useful samples in PR #63887
  Total collected: 236/1000
Inspecting PR #63885...
Inspecting PR #63884...
  Total collected: 236/1000
Inspecting PR #63882...
Inspecting PR #63880...
Inspecting PR #63878...
  Total collected: 236/1000
Inspecting PR #63877...
  Total collected: 236/1000
Inspecting PR #63872...
  Found 3 useful samples in PR #63872
  Total collected: 239/1000
Inspecting PR #63870...
  Total collected: 239/1000
Inspecting PR #63869...
Inspecting PR #63860...
  Found 10 useful samples in PR #63860
  Total collected: 249/1000
Inspecting PR #63854...
  Total collected: 249/1000
Inspecting PR #63852...
Inspecting PR #63848...
Inspecting PR #63847...
Inspecting PR #63846...
  Found 2 useful samples in PR #63846
  Total collected: 251/1000
Inspecting PR #63845...
Inspecting PR #63844...
Inspecting PR #63841...
Inspecting PR #63840...
Inspecting PR #63839...
Inspecting PR #63838...
Inspecting PR #63837...
  Found 3 useful samples in PR #63837
  Total collected: 254/1000
Inspecting PR #63829...
Inspecting PR #63828...
Inspecting PR #63827...
  Total collected: 254/1000
Inspecting PR #63826...
Inspecting PR #63825...
Fetching search page 15...
Inspecting PR #63824...
Inspecting PR #63823...
Inspecting PR #63822...
Inspecting PR #63821...
Inspecting PR #63820...
Inspecting PR #63819...
Inspecting PR #63817...
Inspecting PR #63812...
  Total collected: 254/1000
Inspecting PR #63802...
  Found 2 useful samples in PR #63802
  Total collected: 256/1000
Inspecting PR #63795...
Inspecting PR #63792...
Inspecting PR #63789...
Inspecting PR #63788...
Inspecting PR #63786...
Inspecting PR #63785...
Inspecting PR #63784...
Inspecting PR #63783...
  Found 2 useful samples in PR #63783
  Total collected: 258/1000
Inspecting PR #63778...
Inspecting PR #63776...
Inspecting PR #63775...
Inspecting PR #63771...
  Found 1 useful samples in PR #63771
  Total collected: 259/1000
Inspecting PR #63770...
Inspecting PR #63768...
Inspecting PR #63766...
Inspecting PR #63765...
  Found 1 useful samples in PR #63765
  Total collected: 260/1000
Inspecting PR #63764...
Inspecting PR #63760...
  Found 5 useful samples in PR #63760
  Total collected: 265/1000
Inspecting PR #63758...
Inspecting PR #63755...
  Found 1 useful samples in PR #63755
  Total collected: 266/1000
Inspecting PR #63753...
Fetching search page 16...
Inspecting PR #63752...
Inspecting PR #63751...
Inspecting PR #63750...
Inspecting PR #63749...
Inspecting PR #63747...
Inspecting PR #63746...
  Found 2 useful samples in PR #63746
  Total collected: 268/1000
Inspecting PR #63744...
  Found 3 useful samples in PR #63744
  Total collected: 271/1000
Inspecting PR #63743...
  Found 1 useful samples in PR #63743
  Total collected: 272/1000
Inspecting PR #63741...
Inspecting PR #63740...
Inspecting PR #63736...
Inspecting PR #63734...
Inspecting PR #63733...
Inspecting PR #63731...
Inspecting PR #63730...
Inspecting PR #63729...
Inspecting PR #63728...
Inspecting PR #63727...
Inspecting PR #63726...
  Total collected: 272/1000
Inspecting PR #63725...
Inspecting PR #63724...
Inspecting PR #63718...
Inspecting PR #63717...
Inspecting PR #63716...
Inspecting PR #63715...
Inspecting PR #63714...
Inspecting PR #63711...
  Total collected: 272/1000
Inspecting PR #63710...
Inspecting PR #63709...
Inspecting PR #63707...
  Found 2 useful samples in PR #63707
  Total collected: 274/1000
Fetching search page 17...
Inspecting PR #63705...
  Found 2 useful samples in PR #63705
  Total collected: 276/1000
Inspecting PR #63702...
Inspecting PR #63699...
Inspecting PR #63698...
  Found 7 useful samples in PR #63698
  Total collected: 283/1000
Inspecting PR #63697...
  Total collected: 283/1000
Inspecting PR #63695...
  Total collected: 283/1000
Inspecting PR #63694...
Inspecting PR #63693...
Inspecting PR #63692...
Inspecting PR #63689...
Inspecting PR #63682...
  Found 2 useful samples in PR #63682
  Total collected: 285/1000
Inspecting PR #63679...
Inspecting PR #63675...
  Found 1 useful samples in PR #63675
  Total collected: 286/1000
Inspecting PR #63674...
Inspecting PR #63673...
  Found 5 useful samples in PR #63673
  Total collected: 291/1000
Inspecting PR #63672...
  Found 1 useful samples in PR #63672
  Total collected: 292/1000
Inspecting PR #63671...
Inspecting PR #63669...
Inspecting PR #63665...
Inspecting PR #63662...
Inspecting PR #63661...
  Found 2 useful samples in PR #63661
  Total collected: 294/1000
Inspecting PR #63660...
  Total collected: 294/1000
Inspecting PR #63659...
Inspecting PR #63657...
Inspecting PR #63656...
  Found 1 useful samples in PR #63656
  Total collected: 295/1000
Inspecting PR #63655...
Inspecting PR #63654...
Inspecting PR #63651...
Inspecting PR #63645...
Inspecting PR #63643...
  Found 2 useful samples in PR #63643
  Total collected: 297/1000
Fetching search page 18...
Inspecting PR #63639...
Inspecting PR #63638...
Inspecting PR #63634...
Inspecting PR #63631...
Inspecting PR #63629...
Inspecting PR #63628...
Inspecting PR #63627...
Inspecting PR #63626...
  Total collected: 297/1000
Inspecting PR #63625...
Inspecting PR #63622...
Inspecting PR #63619...
Inspecting PR #63618...
Inspecting PR #63617...
Inspecting PR #63616...
Inspecting PR #63615...
Inspecting PR #63614...
Inspecting PR #63613...
  Found 5 useful samples in PR #63613
  Total collected: 302/1000
Inspecting PR #63610...
Inspecting PR #63609...
Inspecting PR #63607...
Inspecting PR #63605...
Inspecting PR #63601...
Inspecting PR #63595...
  Total collected: 302/1000
Inspecting PR #63589...
Inspecting PR #63587...
Inspecting PR #63586...
Inspecting PR #63585...
Inspecting PR #63584...
Inspecting PR #63583...
Inspecting PR #63579...
  Found 2 useful samples in PR #63579
  Total collected: 304/1000
Fetching search page 19...
Inspecting PR #63576...
  Found 1 useful samples in PR #63576
  Total collected: 305/1000
Inspecting PR #63573...
Inspecting PR #63571...
  Found 1 useful samples in PR #63571
  Total collected: 306/1000
Inspecting PR #63566...
Inspecting PR #63565...
Inspecting PR #63560...
  Found 2 useful samples in PR #63560
  Total collected: 308/1000
Inspecting PR #63556...
Inspecting PR #63554...
Inspecting PR #63552...
  Found 1 useful samples in PR #63552
  Total collected: 309/1000
Inspecting PR #63549...
Inspecting PR #63548...
Inspecting PR #63546...
Inspecting PR #63543...
  Found 1 useful samples in PR #63543
  Total collected: 310/1000
Inspecting PR #63542...
Inspecting PR #63541...
  Found 1 useful samples in PR #63541
  Total collected: 311/1000
Inspecting PR #63539...
  Found 2 useful samples in PR #63539
  Total collected: 313/1000
Inspecting PR #63537...
  Found 1 useful samples in PR #63537
  Total collected: 314/1000
Inspecting PR #63536...
Inspecting PR #63535...
  Found 3 useful samples in PR #63535
  Total collected: 317/1000
Inspecting PR #63534...
  Found 1 useful samples in PR #63534
  Total collected: 318/1000
Inspecting PR #63533...
Inspecting PR #63528...
  Found 3 useful samples in PR #63528
  Total collected: 321/1000
Inspecting PR #63525...
Inspecting PR #63523...
Inspecting PR #63522...
  Found 1 useful samples in PR #63522
  Total collected: 322/1000
Inspecting PR #63520...
  Found 1 useful samples in PR #63520
  Total collected: 323/1000
Inspecting PR #63519...
Inspecting PR #63517...
Inspecting PR #63516...
  Found 1 useful samples in PR #63516
  Total collected: 324/1000
Inspecting PR #63515...
  Found 1 useful samples in PR #63515
  Total collected: 325/1000
Fetching search page 20...
Inspecting PR #63513...
  Total collected: 325/1000
Inspecting PR #63509...
  Total collected: 325/1000
Inspecting PR #63504...
Inspecting PR #63502...
Inspecting PR #63501...
Inspecting PR #63499...
Inspecting PR #63498...
Inspecting PR #63497...
  Found 1 useful samples in PR #63497
  Total collected: 326/1000
Inspecting PR #63496...
  Total collected: 326/1000
Inspecting PR #63490...
Inspecting PR #63488...
  Found 1 useful samples in PR #63488
  Total collected: 327/1000
Inspecting PR #63487...
Inspecting PR #63486...
Inspecting PR #63485...
Inspecting PR #63483...
Inspecting PR #63481...
  Found 1 useful samples in PR #63481
  Total collected: 328/1000
Inspecting PR #63480...
Inspecting PR #63469...
Inspecting PR #63467...
Inspecting PR #63466...
  Found 6 useful samples in PR #63466
  Total collected: 334/1000
Inspecting PR #63464...
Inspecting PR #63463...
  Found 24 useful samples in PR #63463
  Total collected: 358/1000
Inspecting PR #63461...
  Found 2 useful samples in PR #63461
  Total collected: 360/1000
Inspecting PR #63457...
  Found 1 useful samples in PR #63457
  Total collected: 361/1000
Inspecting PR #63456...
  Found 2 useful samples in PR #63456
  Total collected: 363/1000
Inspecting PR #63454...
  Found 1 useful samples in PR #63454
  Total collected: 364/1000
Inspecting PR #63452...
Inspecting PR #63451...
  Found 6 useful samples in PR #63451
  Total collected: 370/1000
Inspecting PR #63450...
Inspecting PR #63449...
Fetching search page 21...
Inspecting PR #63447...
Inspecting PR #63445...
Inspecting PR #63443...
Inspecting PR #63440...
Inspecting PR #63439...
  Found 2 useful samples in PR #63439
  Total collected: 372/1000
Inspecting PR #63438...
  Found 1 useful samples in PR #63438
  Total collected: 373/1000
Inspecting PR #63436...
Inspecting PR #63435...
Inspecting PR #63434...
Inspecting PR #63432...
Inspecting PR #63431...
Inspecting PR #63427...
  Found 2 useful samples in PR #63427
  Total collected: 375/1000
Inspecting PR #63422...
  Found 1 useful samples in PR #63422
  Total collected: 376/1000
Inspecting PR #63414...
  Found 1 useful samples in PR #63414
  Total collected: 377/1000
Inspecting PR #63411...
Inspecting PR #63407...
  Found 3 useful samples in PR #63407
  Total collected: 380/1000
Inspecting PR #63406...
Inspecting PR #63402...
Inspecting PR #63401...
  Found 1 useful samples in PR #63401
  Total collected: 381/1000
Inspecting PR #63398...
  Found 4 useful samples in PR #63398
  Total collected: 385/1000
Inspecting PR #63397...
  Found 4 useful samples in PR #63397
  Total collected: 389/1000
Inspecting PR #63395...
  Found 6 useful samples in PR #63395
  Total collected: 395/1000
Inspecting PR #63394...
Inspecting PR #63389...
  Found 1 useful samples in PR #63389
  Total collected: 396/1000
Inspecting PR #63384...
  Skipped huge chunk in pandas/core/frame.py (315 lines)
  Found 2 useful samples in PR #63384
  Total collected: 398/1000
Inspecting PR #63383...
Inspecting PR #63382...
Inspecting PR #63381...
Inspecting PR #63380...
  Total collected: 398/1000
Inspecting PR #63379...
Fetching search page 22...
Inspecting PR #63370...
  Found 2 useful samples in PR #63370
  Total collected: 400/1000
Inspecting PR #63366...
Inspecting PR #63365...
Inspecting PR #63360...
Inspecting PR #63359...
Inspecting PR #63358...
  Found 2 useful samples in PR #63358
  Total collected: 402/1000
Inspecting PR #63357...
  Found 1 useful samples in PR #63357
  Total collected: 403/1000
Inspecting PR #63350...
  Found 1 useful samples in PR #63350
  Total collected: 404/1000
Inspecting PR #63348...
  Total collected: 404/1000
Inspecting PR #63347...
  Found 13 useful samples in PR #63347
  Total collected: 417/1000
Inspecting PR #63346...
  Total collected: 417/1000
Inspecting PR #63342...
  Found 1 useful samples in PR #63342
  Total collected: 418/1000
Inspecting PR #63341...
  Found 4 useful samples in PR #63341
  Total collected: 422/1000
Inspecting PR #63339...
Inspecting PR #63338...
  Found 3 useful samples in PR #63338
  Total collected: 425/1000
Inspecting PR #63337...
Inspecting PR #63335...
  Total collected: 425/1000
Inspecting PR #63330...
  Found 4 useful samples in PR #63330
  Total collected: 429/1000
Inspecting PR #63324...
  Found 1 useful samples in PR #63324
  Total collected: 430/1000
Inspecting PR #63321...
Inspecting PR #63319...
Inspecting PR #63318...
  Found 1 useful samples in PR #63318
  Total collected: 431/1000
Inspecting PR #63309...
Inspecting PR #63308...
Inspecting PR #63307...
Inspecting PR #63305...
  Skipped huge chunk in pandas/io/excel/_base.py (234 lines)
  Total collected: 431/1000
Inspecting PR #63303...
  Found 2 useful samples in PR #63303
  Total collected: 433/1000
Inspecting PR #63302...
  Found 5 useful samples in PR #63302
  Total collected: 438/1000
Inspecting PR #63301...
  Total collected: 438/1000
Inspecting PR #63297...
Fetching search page 23...
Inspecting PR #63296...
Inspecting PR #63295...
  Found 1 useful samples in PR #63295
  Total collected: 439/1000
Inspecting PR #63294...
Inspecting PR #63293...
Inspecting PR #63292...
Inspecting PR #63291...
  Found 3 useful samples in PR #63291
  Total collected: 442/1000
Inspecting PR #63290...
Inspecting PR #63284...
  Total collected: 442/1000
Inspecting PR #63282...
  Total collected: 442/1000
Inspecting PR #63274...
  Found 1 useful samples in PR #63274
  Total collected: 443/1000
Inspecting PR #63273...
  Total collected: 443/1000
Inspecting PR #63268...
Inspecting PR #63267...
  Found 1 useful samples in PR #63267
  Total collected: 444/1000
Inspecting PR #63266...
  Total collected: 444/1000
Inspecting PR #63265...
Inspecting PR #63263...
Inspecting PR #63261...
Inspecting PR #63260...
  Found 2 useful samples in PR #63260
  Total collected: 446/1000
Inspecting PR #63259...
  Found 2 useful samples in PR #63259
  Total collected: 448/1000
Inspecting PR #63256...
  Found 2 useful samples in PR #63256
  Total collected: 450/1000
Inspecting PR #63252...
Inspecting PR #63251...
Inspecting PR #63248...
Inspecting PR #63247...
Inspecting PR #63244...
Inspecting PR #63239...
  Found 1 useful samples in PR #63239
  Total collected: 451/1000
Inspecting PR #63237...
  Found 1 useful samples in PR #63237
  Total collected: 452/1000
Inspecting PR #63234...
  Found 3 useful samples in PR #63234
  Total collected: 455/1000
Inspecting PR #63232...
Inspecting PR #63231...
  Found 1 useful samples in PR #63231
  Total collected: 456/1000
Fetching search page 24...
Inspecting PR #63227...
Inspecting PR #63226...
  Found 4 useful samples in PR #63226
  Total collected: 460/1000
Inspecting PR #63224...
  Found 1 useful samples in PR #63224
  Total collected: 461/1000
Inspecting PR #63223...
Inspecting PR #63222...
  Found 1 useful samples in PR #63222
  Total collected: 462/1000
Inspecting PR #63217...
Inspecting PR #63216...
  Found 1 useful samples in PR #63216
  Total collected: 463/1000
Inspecting PR #63211...
Inspecting PR #63208...
Inspecting PR #63201...
Inspecting PR #63200...
  Found 3 useful samples in PR #63200
  Total collected: 466/1000
Inspecting PR #63199...
Inspecting PR #63198...
Inspecting PR #63196...
  Found 8 useful samples in PR #63196
  Total collected: 474/1000
Inspecting PR #63195...
Inspecting PR #63193...
  Skipped huge chunk in pandas/io/excel/_base.py (203 lines)
  Skipped huge chunk in pandas/io/excel/_base.py (208 lines)
  Skipped huge chunk in pandas/io/excel/_base.py (205 lines)
  Found 7 useful samples in PR #63193
  Total collected: 481/1000
Inspecting PR #63190...
Inspecting PR #63186...
Inspecting PR #63185...
Inspecting PR #63182...
Inspecting PR #63181...
Inspecting PR #63178...
  Found 6 useful samples in PR #63178
  Total collected: 487/1000
Inspecting PR #63174...
  Found 3 useful samples in PR #63174
  Total collected: 490/1000
Inspecting PR #63172...
Inspecting PR #63171...
Inspecting PR #63164...
Inspecting PR #63163...
Inspecting PR #63162...
Inspecting PR #63158...
  Found 1 useful samples in PR #63158
  Total collected: 491/1000
Inspecting PR #63157...
Fetching search page 25...
Inspecting PR #63152...
  Found 3 useful samples in PR #63152
  Total collected: 494/1000
Inspecting PR #63151...
Inspecting PR #63149...
  Found 2 useful samples in PR #63149
  Total collected: 496/1000
Inspecting PR #63148...
Inspecting PR #63146...
  Found 8 useful samples in PR #63146
  Total collected: 504/1000
Inspecting PR #63143...
Inspecting PR #63136...
  Found 3 useful samples in PR #63136
  Total collected: 507/1000
Inspecting PR #63135...
  Found 1 useful samples in PR #63135
  Total collected: 508/1000
Inspecting PR #63132...
  Total collected: 508/1000
Inspecting PR #63129...
  Total collected: 508/1000
Inspecting PR #63126...
  Found 4 useful samples in PR #63126
  Total collected: 512/1000
Inspecting PR #63125...
Inspecting PR #63124...
  Found 4 useful samples in PR #63124
  Total collected: 516/1000
Inspecting PR #63123...
Inspecting PR #63122...
Inspecting PR #63118...
  Found 1 useful samples in PR #63118
  Total collected: 517/1000
Inspecting PR #63109...
  Found 2 useful samples in PR #63109
  Total collected: 519/1000
Inspecting PR #63108...
  Found 1 useful samples in PR #63108
  Total collected: 520/1000
Inspecting PR #63106...
Inspecting PR #63104...
Inspecting PR #63102...
Inspecting PR #63100...
Inspecting PR #63096...
  Total collected: 520/1000
Inspecting PR #63090...
  Found 2 useful samples in PR #63090
  Total collected: 522/1000
Inspecting PR #63086...
Inspecting PR #63083...
  Found 3 useful samples in PR #63083
  Total collected: 525/1000
Inspecting PR #63081...
  Found 1 useful samples in PR #63081
  Total collected: 526/1000
Inspecting PR #63077...
  Found 1 useful samples in PR #63077
  Total collected: 527/1000
Inspecting PR #63075...
Inspecting PR #63074...
Fetching search page 26...
Inspecting PR #63072...
Inspecting PR #63070...
  Found 3 useful samples in PR #63070
  Total collected: 530/1000
Inspecting PR #63067...
  Total collected: 530/1000
Inspecting PR #63063...
Inspecting PR #63056...
  Found 1 useful samples in PR #63056
  Total collected: 531/1000
Inspecting PR #63055...
Inspecting PR #63052...
  Found 2 useful samples in PR #63052
  Total collected: 533/1000
Inspecting PR #63048...
Inspecting PR #63047...
Inspecting PR #63044...
Inspecting PR #63042...
Inspecting PR #63041...
Inspecting PR #63037...
  Skipped huge chunk in pandas/io/excel/_base.py (341 lines)
  Found 3 useful samples in PR #63037
  Total collected: 536/1000
Inspecting PR #63035...
  Found 1 useful samples in PR #63035
  Total collected: 537/1000
Inspecting PR #63033...
Inspecting PR #63031...
  Found 4 useful samples in PR #63031
  Total collected: 541/1000
Inspecting PR #63029...
Inspecting PR #63028...
  Total collected: 541/1000
Inspecting PR #63026...
  Found 2 useful samples in PR #63026
  Total collected: 543/1000
Inspecting PR #63025...
  Found 1 useful samples in PR #63025
  Total collected: 544/1000
Inspecting PR #63021...
Inspecting PR #63016...
  Found 15 useful samples in PR #63016
  Total collected: 559/1000
Inspecting PR #63015...
Inspecting PR #63011...
Inspecting PR #63009...
Inspecting PR #63005...
  Found 4 useful samples in PR #63005
  Total collected: 563/1000
Inspecting PR #63003...
Inspecting PR #63002...
Inspecting PR #63001...
Inspecting PR #63000...
Fetching search page 27...
Inspecting PR #62999...
Inspecting PR #62997...
Inspecting PR #62996...
Inspecting PR #62994...
  Found 7 useful samples in PR #62994
  Total collected: 570/1000
Inspecting PR #62991...
  Found 9 useful samples in PR #62991
  Total collected: 579/1000
Inspecting PR #62989...
Inspecting PR #62988...
  Found 1 useful samples in PR #62988
  Total collected: 580/1000
Inspecting PR #62987...
Inspecting PR #62986...
Inspecting PR #62984...
Inspecting PR #62983...
Inspecting PR #62982...
Inspecting PR #62970...
  Found 2 useful samples in PR #62970
  Total collected: 582/1000
Inspecting PR #62969...
  Found 3 useful samples in PR #62969
  Total collected: 585/1000
Inspecting PR #62967...
Inspecting PR #62962...
Inspecting PR #62960...
  Found 3 useful samples in PR #62960
  Total collected: 588/1000
Inspecting PR #62954...
Inspecting PR #62953...
Inspecting PR #62951...
Inspecting PR #62945...
  Found 2 useful samples in PR #62945
  Total collected: 590/1000
Inspecting PR #62943...
Inspecting PR #62942...
Inspecting PR #62941...
Inspecting PR #62939...
  Found 4 useful samples in PR #62939
  Total collected: 594/1000
Inspecting PR #62935...
Inspecting PR #62934...
  Found 4 useful samples in PR #62934
  Total collected: 598/1000
Inspecting PR #62933...
Inspecting PR #62932...
Inspecting PR #62931...
Fetching search page 28...
Inspecting PR #62928...
  Found 9 useful samples in PR #62928
  Total collected: 607/1000
Inspecting PR #62921...
Inspecting PR #62920...
  Found 1 useful samples in PR #62920
  Total collected: 608/1000
Inspecting PR #62916...
  Found 1 useful samples in PR #62916
  Total collected: 609/1000
Inspecting PR #62910...
Inspecting PR #62908...
Inspecting PR #62907...
Inspecting PR #62906...
Inspecting PR #62905...
Inspecting PR #62904...
Inspecting PR #62902...
Inspecting PR #62901...
Inspecting PR #62896...
Inspecting PR #62895...
  Found 1 useful samples in PR #62895
  Total collected: 610/1000
Inspecting PR #62891...
Inspecting PR #62890...
  Found 2 useful samples in PR #62890
  Total collected: 612/1000
Inspecting PR #62889...
Inspecting PR #62886...
Inspecting PR #62885...
Inspecting PR #62876...
Inspecting PR #62875...
Inspecting PR #62874...
Inspecting PR #62873...
  Found 2 useful samples in PR #62873
  Total collected: 614/1000
Inspecting PR #62872...
  Total collected: 614/1000
Inspecting PR #62871...
  Found 2 useful samples in PR #62871
  Total collected: 616/1000
Inspecting PR #62869...
Inspecting PR #62868...
  Found 1 useful samples in PR #62868
  Total collected: 617/1000
Inspecting PR #62866...
Inspecting PR #62863...
  Total collected: 617/1000
Inspecting PR #62859...
Fetching search page 29...
Inspecting PR #62857...
Inspecting PR #62856...
Inspecting PR #62855...
  Found 2 useful samples in PR #62855
  Total collected: 619/1000
Inspecting PR #62854...
Inspecting PR #62853...
  Found 1 useful samples in PR #62853
  Total collected: 620/1000
Inspecting PR #62852...
  Found 4 useful samples in PR #62852
  Total collected: 624/1000
Inspecting PR #62850...
  Found 1 useful samples in PR #62850
  Total collected: 625/1000
Inspecting PR #62848...
  Found 5 useful samples in PR #62848
  Total collected: 630/1000
Inspecting PR #62847...
Inspecting PR #62845...
Inspecting PR #62844...
Inspecting PR #62843...
  Found 5 useful samples in PR #62843
  Total collected: 635/1000
Inspecting PR #62842...
  Found 8 useful samples in PR #62842
  Total collected: 643/1000
Inspecting PR #62841...
Inspecting PR #62839...
Inspecting PR #62837...
Inspecting PR #62834...
Inspecting PR #62832...
  Total collected: 643/1000
Inspecting PR #62828...
Inspecting PR #62825...
Inspecting PR #62824...
Inspecting PR #62821...
Inspecting PR #62814...
Inspecting PR #62813...
Inspecting PR #62812...
  Found 4 useful samples in PR #62812
  Total collected: 647/1000
Inspecting PR #62811...
Inspecting PR #62809...
Inspecting PR #62805...
Inspecting PR #62803...
  Found 1 useful samples in PR #62803
  Total collected: 648/1000
Inspecting PR #62801...
  Found 3 useful samples in PR #62801
  Total collected: 651/1000
Fetching search page 30...
Inspecting PR #62799...
Inspecting PR #62798...
Inspecting PR #62794...
  Found 5 useful samples in PR #62794
  Total collected: 656/1000
Inspecting PR #62793...
Inspecting PR #62784...
  Total collected: 656/1000
Inspecting PR #62780...
  Found 1 useful samples in PR #62780
  Total collected: 657/1000
Inspecting PR #62776...
Inspecting PR #62772...
  Found 1 useful samples in PR #62772
  Total collected: 658/1000
Inspecting PR #62765...
Inspecting PR #62764...
Inspecting PR #62763...
  Found 3 useful samples in PR #62763
  Total collected: 661/1000
Inspecting PR #62759...
Inspecting PR #62758...
  Found 4 useful samples in PR #62758
  Total collected: 665/1000
Inspecting PR #62757...
Inspecting PR #62756...
Inspecting PR #62755...
  Total collected: 665/1000
Inspecting PR #62754...
  Found 2 useful samples in PR #62754
  Total collected: 667/1000
Inspecting PR #62753...
  Found 1 useful samples in PR #62753
  Total collected: 668/1000
Inspecting PR #62752...
Inspecting PR #62751...
Inspecting PR #62741...
  Total collected: 668/1000
Inspecting PR #62738...
Inspecting PR #62737...
Inspecting PR #62735...
Inspecting PR #62729...
  Found 9 useful samples in PR #62729
  Total collected: 677/1000
Inspecting PR #62728...
Inspecting PR #62727...
  Found 6 useful samples in PR #62727
  Total collected: 683/1000
Inspecting PR #62726...
Inspecting PR #62721...
  Total collected: 683/1000
Inspecting PR #62718...
  Found 1 useful samples in PR #62718
  Total collected: 684/1000
Fetching search page 31...
Inspecting PR #62715...
Inspecting PR #62714...
Inspecting PR #62713...
  Skipped huge chunk in pandas/io/parsers/readers.py (339 lines)
  Skipped huge chunk in pandas/io/parsers/readers.py (335 lines)
  Found 3 useful samples in PR #62713
  Total collected: 687/1000
Inspecting PR #62707...
  Found 1 useful samples in PR #62707
  Total collected: 688/1000
Inspecting PR #62706...
Inspecting PR #62703...
  Found 5 useful samples in PR #62703
  Total collected: 693/1000
Inspecting PR #62700...
Inspecting PR #62699...
  Found 3 useful samples in PR #62699
  Total collected: 696/1000
Inspecting PR #62698...
  Found 5 useful samples in PR #62698
  Total collected: 701/1000
Inspecting PR #62689...
Inspecting PR #62688...
Inspecting PR #62686...
Inspecting PR #62685...
Inspecting PR #62684...
  Total collected: 701/1000
Inspecting PR #62681...
Inspecting PR #62680...
Inspecting PR #62677...
Inspecting PR #62675...
Inspecting PR #62674...
  Found 2 useful samples in PR #62674
  Total collected: 703/1000
Inspecting PR #62673...
  Found 1 useful samples in PR #62673
  Total collected: 704/1000
Inspecting PR #62671...
  Found 5 useful samples in PR #62671
  Total collected: 709/1000
Inspecting PR #62670...
  Found 4 useful samples in PR #62670
  Total collected: 713/1000
Inspecting PR #62668...
Inspecting PR #62667...
Inspecting PR #62664...
  Found 3 useful samples in PR #62664
  Total collected: 716/1000
Inspecting PR #62663...
  Found 4 useful samples in PR #62663
  Total collected: 720/1000
Inspecting PR #62662...
  Found 2 useful samples in PR #62662
  Total collected: 722/1000
Inspecting PR #62658...
  Total collected: 722/1000
Inspecting PR #62657...
  Found 5 useful samples in PR #62657
  Total collected: 727/1000
Inspecting PR #62652...
  Found 1 useful samples in PR #62652
  Total collected: 728/1000
Fetching search page 32...
Inspecting PR #62648...
  Found 3 useful samples in PR #62648
  Total collected: 731/1000
Inspecting PR #62647...
Inspecting PR #62645...
Inspecting PR #62641...
  Found 3 useful samples in PR #62641
  Total collected: 734/1000
Inspecting PR #62640...
Inspecting PR #62639...
  Found 1 useful samples in PR #62639
  Total collected: 735/1000
Inspecting PR #62638...
  Found 1 useful samples in PR #62638
  Total collected: 736/1000
Inspecting PR #62634...
Inspecting PR #62631...
  Total collected: 736/1000
Inspecting PR #62628...
  Found 1 useful samples in PR #62628
  Total collected: 737/1000
Inspecting PR #62626...
Inspecting PR #62623...
  Total collected: 737/1000
Inspecting PR #62621...
  Found 2 useful samples in PR #62621
  Total collected: 739/1000
Inspecting PR #62620...
  Found 1 useful samples in PR #62620
  Total collected: 740/1000
Inspecting PR #62619...
Inspecting PR #62616...
Inspecting PR #62615...
Inspecting PR #62614...
Inspecting PR #62613...
Inspecting PR #62612...
Inspecting PR #62608...
  Found 3 useful samples in PR #62608
  Total collected: 743/1000
Inspecting PR #62605...
Inspecting PR #62604...
  Found 2 useful samples in PR #62604
  Total collected: 745/1000
Inspecting PR #62603...
Inspecting PR #62600...
Inspecting PR #62599...
Inspecting PR #62597...
Inspecting PR #62596...
  Found 1 useful samples in PR #62596
  Total collected: 746/1000
Inspecting PR #62594...
Inspecting PR #62593...
Fetching search page 33...
Inspecting PR #62592...
  Found 2 useful samples in PR #62592
  Total collected: 748/1000
Inspecting PR #62591...
Inspecting PR #62589...
Inspecting PR #62588...
Inspecting PR #62587...
Inspecting PR #62585...
  Total collected: 748/1000
Inspecting PR #62584...
  Found 1 useful samples in PR #62584
  Total collected: 749/1000
Inspecting PR #62583...
Inspecting PR #62582...
Inspecting PR #62581...
  Total collected: 749/1000
Inspecting PR #62577...
  Total collected: 749/1000
Inspecting PR #62575...
Inspecting PR #62573...
Inspecting PR #62572...
  Total collected: 749/1000
Inspecting PR #62570...
Inspecting PR #62567...
  Found 11 useful samples in PR #62567
  Total collected: 760/1000
Inspecting PR #62556...
  Found 2 useful samples in PR #62556
  Total collected: 762/1000
Inspecting PR #62555...
  Found 6 useful samples in PR #62555
  Total collected: 768/1000
Inspecting PR #62553...
Inspecting PR #62552...
  Found 1 useful samples in PR #62552
  Total collected: 769/1000
Inspecting PR #62546...
Inspecting PR #62542...
  Total collected: 769/1000
Inspecting PR #62541...
  Total collected: 769/1000
Inspecting PR #62540...
Inspecting PR #62539...
  Total collected: 769/1000
Inspecting PR #62533...
  Found 3 useful samples in PR #62533
  Total collected: 772/1000
Inspecting PR #62532...
  Found 13 useful samples in PR #62532
  Total collected: 785/1000
Inspecting PR #62530...
Inspecting PR #62529...
Inspecting PR #62527...
  Found 2 useful samples in PR #62527
  Total collected: 787/1000
Fetching search page 34...
Inspecting PR #62523...
  Found 4 useful samples in PR #62523
  Total collected: 791/1000
Inspecting PR #62514...
  Found 4 useful samples in PR #62514
  Total collected: 795/1000
Inspecting PR #62512...
Inspecting PR #62511...
  Found 1 useful samples in PR #62511
  Total collected: 796/1000
Inspecting PR #62509...
Inspecting PR #62508...
Inspecting PR #62507...
Inspecting PR #62498...
  Found 1 useful samples in PR #62498
  Total collected: 797/1000
Inspecting PR #62494...
Inspecting PR #62493...
  Found 3 useful samples in PR #62493
  Total collected: 800/1000
Inspecting PR #62487...
Inspecting PR #62482...
  Found 8 useful samples in PR #62482
  Total collected: 808/1000
Inspecting PR #62481...
  Found 2 useful samples in PR #62481
  Total collected: 810/1000
Inspecting PR #62480...
Inspecting PR #62478...
Inspecting PR #62475...
  Found 1 useful samples in PR #62475
  Total collected: 811/1000
Inspecting PR #62474...
  Found 1 useful samples in PR #62474
  Total collected: 812/1000
Inspecting PR #62471...
  Found 1 useful samples in PR #62471
  Total collected: 813/1000
Inspecting PR #62469...
  Found 9 useful samples in PR #62469
  Total collected: 822/1000
Inspecting PR #62466...
Inspecting PR #62465...
Inspecting PR #62461...
  Found 1 useful samples in PR #62461
  Total collected: 823/1000
Inspecting PR #62453...
  Found 2 useful samples in PR #62453
  Total collected: 825/1000
Inspecting PR #62446...
Inspecting PR #62444...
  Found 2 useful samples in PR #62444
  Total collected: 827/1000
Inspecting PR #62439...
Inspecting PR #62438...
Inspecting PR #62436...
Inspecting PR #62431...
Inspecting PR #62428...
Fetching search page 35...
Error 422: {"message":"Only the first 1000 search results are available","documentation_url":"https://docs.github.com/v3/search/","status":"422"}
Hit a limit or encountered an error.
Finished extraction. Total samples: 827
