Loaded 0 existing samples for scikit-learn/scikit-learn. Processed PRs: 0
Starting extraction for scikit-learn/scikit-learn...
Fetching search page 1...
Inspecting PR #33651...
Inspecting PR #33623...
  Found 3 useful samples in PR #33623
  Total collected: 3/1000
Inspecting PR #33622...
  Total collected: 3/1000
Inspecting PR #33615...
Inspecting PR #33609...
Inspecting PR #33608...
Inspecting PR #33607...
Inspecting PR #33606...
Inspecting PR #33595...
  Found 3 useful samples in PR #33595
  Total collected: 6/1000
Inspecting PR #33583...
  Found 11 useful samples in PR #33583
  Total collected: 17/1000
Inspecting PR #33574...
  Found 2 useful samples in PR #33574
  Total collected: 19/1000
Inspecting PR #33572...
Inspecting PR #33571...
Inspecting PR #33567...
  Found 1 useful samples in PR #33567
  Total collected: 20/1000
Inspecting PR #33566...
Inspecting PR #33553...
Inspecting PR #33552...
  Found 1 useful samples in PR #33552
  Total collected: 21/1000
Inspecting PR #33551...
Inspecting PR #33550...
Inspecting PR #33549...
Inspecting PR #33548...
Inspecting PR #33547...
Inspecting PR #33546...
Inspecting PR #33545...
Inspecting PR #33539...
Inspecting PR #33536...
Inspecting PR #33534...
Inspecting PR #33531...
  Found 15 useful samples in PR #33531
  Total collected: 36/1000
Inspecting PR #33530...
Inspecting PR #33527...
Fetching search page 2...
Inspecting PR #33522...
  Found 9 useful samples in PR #33522
  Total collected: 45/1000
Inspecting PR #33518...
Inspecting PR #33517...
  Found 3 useful samples in PR #33517
  Total collected: 48/1000
Inspecting PR #33516...
Inspecting PR #33515...
Inspecting PR #33511...
Inspecting PR #33508...
  Total collected: 48/1000
Inspecting PR #33506...
Inspecting PR #33505...
  Total collected: 48/1000
Inspecting PR #33504...
  Found 1 useful samples in PR #33504
  Total collected: 49/1000
Inspecting PR #33494...
  Found 22 useful samples in PR #33494
  Total collected: 71/1000
Inspecting PR #33492...
Inspecting PR #33489...
Inspecting PR #33488...
Inspecting PR #33487...
Inspecting PR #33486...
Inspecting PR #33473...
  Found 8 useful samples in PR #33473
  Total collected: 79/1000
Inspecting PR #33467...
Inspecting PR #33453...
  Found 1 useful samples in PR #33453
  Total collected: 80/1000
Inspecting PR #33447...
Inspecting PR #33445...
  Total collected: 80/1000
Inspecting PR #33437...
  Total collected: 80/1000
Inspecting PR #33433...
Inspecting PR #33432...
Inspecting PR #33431...
Inspecting PR #33429...
Inspecting PR #33420...
  Total collected: 80/1000
Inspecting PR #33419...
  Found 5 useful samples in PR #33419
  Total collected: 85/1000
Inspecting PR #33414...
Inspecting PR #33411...
Fetching search page 3...
Inspecting PR #33408...
  Found 3 useful samples in PR #33408
  Total collected: 88/1000
Inspecting PR #33405...
  Found 3 useful samples in PR #33405
  Total collected: 91/1000
Inspecting PR #33403...
  Total collected: 91/1000
Inspecting PR #33399...
  Found 16 useful samples in PR #33399
  Total collected: 107/1000
Inspecting PR #33396...
  Total collected: 107/1000
Inspecting PR #33394...
  Found 5 useful samples in PR #33394
  Total collected: 112/1000
Inspecting PR #33385...
Inspecting PR #33377...
Inspecting PR #33370...
Inspecting PR #33369...
Inspecting PR #33368...
Inspecting PR #33367...
Inspecting PR #33362...
Inspecting PR #33357...
  Total collected: 112/1000
Inspecting PR #33348...
  Found 23 useful samples in PR #33348
  Total collected: 135/1000
Inspecting PR #33347...
  Found 1 useful samples in PR #33347
  Total collected: 136/1000
Inspecting PR #33345...
  Found 25 useful samples in PR #33345
  Total collected: 161/1000
Inspecting PR #33341...
Inspecting PR #33340...
  Found 26 useful samples in PR #33340
  Total collected: 187/1000
Inspecting PR #33333...
  Found 4 useful samples in PR #33333
  Total collected: 191/1000
Inspecting PR #33320...
Inspecting PR #33318...
  Found 2 useful samples in PR #33318
  Total collected: 193/1000
Inspecting PR #33311...
Inspecting PR #33310...
Inspecting PR #33309...
Inspecting PR #33306...
Inspecting PR #33301...
  Found 3 useful samples in PR #33301
  Total collected: 196/1000
Inspecting PR #33300...
  Found 8 useful samples in PR #33300
  Total collected: 204/1000
Inspecting PR #33299...
Inspecting PR #33297...
Fetching search page 4...
Inspecting PR #33296...
Inspecting PR #33293...
  Found 2 useful samples in PR #33293
  Total collected: 206/1000
Inspecting PR #33291...
Inspecting PR #33290...
Inspecting PR #33289...
Inspecting PR #33280...
  Found 1 useful samples in PR #33280
  Total collected: 207/1000
Inspecting PR #33279...
  Found 1 useful samples in PR #33279
  Total collected: 208/1000
Inspecting PR #33277...
  Found 3 useful samples in PR #33277
  Total collected: 211/1000
Inspecting PR #33273...
Inspecting PR #33272...
  Total collected: 211/1000
Inspecting PR #33267...
Inspecting PR #33264...
Inspecting PR #33263...
Inspecting PR #33259...
  Total collected: 211/1000
Inspecting PR #33254...
Inspecting PR #33253...
Inspecting PR #33248...
Inspecting PR #33247...
Inspecting PR #33246...
Inspecting PR #33245...
Inspecting PR #33241...
Inspecting PR #33240...
Inspecting PR #33224...
  Found 2 useful samples in PR #33224
  Total collected: 213/1000
Inspecting PR #33223...
  Found 7 useful samples in PR #33223
  Total collected: 220/1000
Inspecting PR #33221...
  Found 3 useful samples in PR #33221
  Total collected: 223/1000
Inspecting PR #33218...
  Skipped huge chunk in sklearn/metrics/_plot/tests/test_common_curve_display.py (262 lines)
  Found 5 useful samples in PR #33218
  Total collected: 228/1000
Inspecting PR #33217...
  Total collected: 228/1000
Inspecting PR #33212...
Inspecting PR #33210...
  Found 1 useful samples in PR #33210
  Total collected: 229/1000
Inspecting PR #33204...
Fetching search page 5...
Inspecting PR #33203...
  Total collected: 229/1000
Inspecting PR #33202...
  Found 9 useful samples in PR #33202
  Total collected: 238/1000
Inspecting PR #33197...
  Total collected: 238/1000
Inspecting PR #33179...
Inspecting PR #33175...
  Found 3 useful samples in PR #33175
  Total collected: 241/1000
Inspecting PR #33173...
  Total collected: 241/1000
Inspecting PR #33172...
Inspecting PR #33171...
Inspecting PR #33169...
Inspecting PR #33168...
  Found 1 useful samples in PR #33168
  Total collected: 242/1000
Inspecting PR #33166...
Inspecting PR #33165...
Inspecting PR #33164...
Inspecting PR #33161...
  Total collected: 242/1000
Inspecting PR #33155...
Inspecting PR #33153...
Inspecting PR #33148...
  Found 6 useful samples in PR #33148
  Total collected: 248/1000
Inspecting PR #33147...
Inspecting PR #33141...
Inspecting PR #33140...
  Total collected: 248/1000
Inspecting PR #33139...
  Total collected: 248/1000
Inspecting PR #33136...
Inspecting PR #33134...
Inspecting PR #33133...
Inspecting PR #33132...
Inspecting PR #33128...
Inspecting PR #33127...
  Found 1 useful samples in PR #33127
  Total collected: 249/1000
Inspecting PR #33126...
  Found 14 useful samples in PR #33126
  Total collected: 263/1000
Inspecting PR #33124...
Inspecting PR #33123...
  Total collected: 263/1000
Fetching search page 6...
Inspecting PR #33121...
Inspecting PR #33120...
Inspecting PR #33118...
  Found 2 useful samples in PR #33118
  Total collected: 265/1000
Inspecting PR #33116...
  Total collected: 265/1000
Inspecting PR #33111...
Inspecting PR #33107...
Inspecting PR #33105...
  Total collected: 265/1000
Inspecting PR #33104...
Inspecting PR #33102...
Inspecting PR #33091...
  Found 2 useful samples in PR #33091
  Total collected: 267/1000
Inspecting PR #33090...
Inspecting PR #33089...
  Found 14 useful samples in PR #33089
  Total collected: 281/1000
Inspecting PR #33088...
Inspecting PR #33087...
Inspecting PR #33083...
Inspecting PR #33081...
Inspecting PR #33080...
Inspecting PR #33078...
Inspecting PR #33077...
Inspecting PR #33076...
  Found 8 useful samples in PR #33076
  Total collected: 289/1000
Inspecting PR #33070...
Inspecting PR #33069...
Inspecting PR #33068...
  Total collected: 289/1000
Inspecting PR #33065...
  Total collected: 289/1000
Inspecting PR #33064...
  Total collected: 289/1000
Inspecting PR #33063...
  Total collected: 289/1000
Inspecting PR #33062...
Inspecting PR #33060...
Inspecting PR #33054...
Inspecting PR #33052...
Fetching search page 7...
Inspecting PR #33051...
Inspecting PR #33050...
Inspecting PR #33041...
Inspecting PR #33039...
  Found 1 useful samples in PR #33039
  Total collected: 290/1000
Inspecting PR #33027...
  Total collected: 290/1000
Inspecting PR #33024...
  Total collected: 290/1000
Inspecting PR #33023...
Inspecting PR #33022...
  Found 1 useful samples in PR #33022
  Total collected: 291/1000
Inspecting PR #33021...
Inspecting PR #33020...
  Skipped huge chunk in sklearn/linear_model/_ridge.py (425 lines)
  Found 19 useful samples in PR #33020
  Total collected: 310/1000
Inspecting PR #33018...
Inspecting PR #33015...
  Found 14 useful samples in PR #33015
  Total collected: 324/1000
Inspecting PR #33014...
  Found 15 useful samples in PR #33014
  Total collected: 339/1000
Inspecting PR #33013...
Inspecting PR #32999...
Inspecting PR #32997...
Inspecting PR #32998...
Inspecting PR #32996...
Inspecting PR #32995...
Inspecting PR #32992...
Inspecting PR #32988...
  Found 3 useful samples in PR #32988
  Total collected: 342/1000
Inspecting PR #32985...
  Found 2 useful samples in PR #32985
  Total collected: 344/1000
Inspecting PR #32983...
Inspecting PR #32981...
Inspecting PR #32979...
  Total collected: 344/1000
Inspecting PR #32972...
Inspecting PR #32969...
  Total collected: 344/1000
Inspecting PR #32968...
  Found 3 useful samples in PR #32968
  Total collected: 347/1000
Inspecting PR #32967...
Inspecting PR #32966...
Fetching search page 8...
Inspecting PR #32965...
Inspecting PR #32964...
  Total collected: 347/1000
Inspecting PR #32962...
Inspecting PR #32954...
Inspecting PR #32945...
Inspecting PR #32942...
Inspecting PR #32939...
Inspecting PR #32933...
Inspecting PR #32932...
Inspecting PR #32931...
Inspecting PR #32923...
  Found 2 useful samples in PR #32923
  Total collected: 349/1000
Inspecting PR #32921...
Inspecting PR #32918...
  Found 1 useful samples in PR #32918
  Total collected: 350/1000
Inspecting PR #32917...
Inspecting PR #32912...
  Found 5 useful samples in PR #32912
  Total collected: 355/1000
Inspecting PR #32909...
  Found 11 useful samples in PR #32909
  Total collected: 366/1000
Inspecting PR #32907...
  Total collected: 366/1000
Inspecting PR #32905...
Inspecting PR #32902...
  Total collected: 366/1000
Inspecting PR #32901...
Inspecting PR #32900...
Inspecting PR #32899...
Inspecting PR #32897...
  Found 1 useful samples in PR #32897
  Total collected: 367/1000
Inspecting PR #32895...
  Found 3 useful samples in PR #32895
  Total collected: 370/1000
Inspecting PR #32894...
Inspecting PR #32893...
  Found 1 useful samples in PR #32893
  Total collected: 371/1000
Inspecting PR #32890...
Inspecting PR #32889...
  Total collected: 371/1000
Inspecting PR #32888...
  Total collected: 371/1000
Inspecting PR #32887...
  Found 1 useful samples in PR #32887
  Total collected: 372/1000
Fetching search page 9...
Inspecting PR #32883...
  Found 1 useful samples in PR #32883
  Total collected: 373/1000
Inspecting PR #32881...
Inspecting PR #32879...
Inspecting PR #32878...
Inspecting PR #32877...
Inspecting PR #32876...
Inspecting PR #32865...
  Found 2 useful samples in PR #32865
  Total collected: 375/1000
Inspecting PR #32862...
Inspecting PR #32860...
  Total collected: 375/1000
Inspecting PR #32859...
Inspecting PR #32858...
Inspecting PR #32857...
Inspecting PR #32856...
Inspecting PR #32853...
  Found 1 useful samples in PR #32853
  Total collected: 376/1000
Inspecting PR #32849...
  Total collected: 376/1000
Inspecting PR #32846...
  Found 10 useful samples in PR #32846
  Total collected: 386/1000
Inspecting PR #32845...
  Found 1 useful samples in PR #32845
  Total collected: 387/1000
Inspecting PR #32842...
Inspecting PR #32841...
Inspecting PR #32840...
  Found 2 useful samples in PR #32840
  Total collected: 389/1000
Inspecting PR #32839...
  Found 1 useful samples in PR #32839
  Total collected: 390/1000
Inspecting PR #32838...
  Found 3 useful samples in PR #32838
  Total collected: 393/1000
Inspecting PR #32835...
Inspecting PR #32832...
  Found 2 useful samples in PR #32832
  Total collected: 395/1000
Inspecting PR #32831...
Inspecting PR #32828...
  Found 4 useful samples in PR #32828
  Total collected: 399/1000
Inspecting PR #32827...
Inspecting PR #32826...
  Found 9 useful samples in PR #32826
  Total collected: 408/1000
Inspecting PR #32825...
  Found 12 useful samples in PR #32825
  Total collected: 420/1000
Inspecting PR #32824...
  Total collected: 420/1000
Fetching search page 10...
Inspecting PR #32823...
Inspecting PR #32822...
Inspecting PR #32821...
Inspecting PR #32820...
  Found 1 useful samples in PR #32820
  Total collected: 421/1000
Inspecting PR #32819...
Inspecting PR #32818...
Inspecting PR #32816...
Inspecting PR #32813...
  Total collected: 421/1000
Inspecting PR #32812...
Inspecting PR #32811...
Inspecting PR #32810...
  Total collected: 421/1000
Inspecting PR #32809...
  Found 22 useful samples in PR #32809
  Total collected: 443/1000
Inspecting PR #32808...
Inspecting PR #32804...
  Found 1 useful samples in PR #32804
  Total collected: 444/1000
Inspecting PR #32802...
  Found 7 useful samples in PR #32802
  Total collected: 451/1000
Inspecting PR #32801...
  Found 2 useful samples in PR #32801
  Total collected: 453/1000
Inspecting PR #32800...
Inspecting PR #32797...
Inspecting PR #32795...
Inspecting PR #32794...
Inspecting PR #32792...
  Total collected: 453/1000
Inspecting PR #32791...
  Total collected: 453/1000
Inspecting PR #32790...
  Found 2 useful samples in PR #32790
  Total collected: 455/1000
Inspecting PR #32778...
  Found 17 useful samples in PR #32778
  Total collected: 472/1000
Inspecting PR #32777...
Inspecting PR #32776...
Inspecting PR #32775...
Inspecting PR #32774...
Inspecting PR #32773...
Inspecting PR #32772...
Fetching search page 11...
Inspecting PR #32770...
Inspecting PR #32768...
  Found 11 useful samples in PR #32768
  Total collected: 483/1000
Inspecting PR #32762...
Inspecting PR #32760...
Inspecting PR #32759...
Inspecting PR #32758...
Inspecting PR #32757...
Inspecting PR #32756...
Inspecting PR #32755...
  Found 18 useful samples in PR #32755
  Total collected: 501/1000
Inspecting PR #32751...
Inspecting PR #32747...
  Found 7 useful samples in PR #32747
  Total collected: 508/1000
Inspecting PR #32746...
Inspecting PR #32745...
Inspecting PR #32744...
  Total collected: 508/1000
Inspecting PR #32742...
  Found 1 useful samples in PR #32742
  Total collected: 509/1000
Inspecting PR #32740...
Inspecting PR #32738...
  Total collected: 509/1000
Inspecting PR #32735...
Inspecting PR #32734...
  Total collected: 509/1000
Inspecting PR #32733...
  Found 2 useful samples in PR #32733
  Total collected: 511/1000
Inspecting PR #32732...
  Found 22 useful samples in PR #32732
  Total collected: 533/1000
Inspecting PR #32730...
  Total collected: 533/1000
Inspecting PR #32727...
Inspecting PR #32724...
Inspecting PR #32717...
Inspecting PR #32715...
  Total collected: 533/1000
Inspecting PR #32713...
Inspecting PR #32709...
Inspecting PR #32708...
  Found 13 useful samples in PR #32708
  Total collected: 546/1000
Inspecting PR #32705...
  Found 3 useful samples in PR #32705
  Total collected: 549/1000
Fetching search page 12...
Inspecting PR #32701...
Inspecting PR #32699...
  Found 1 useful samples in PR #32699
  Total collected: 550/1000
Inspecting PR #32698...
  Total collected: 550/1000
Inspecting PR #32696...
Inspecting PR #32693...
  Found 2 useful samples in PR #32693
  Total collected: 552/1000
Inspecting PR #32690...
Inspecting PR #32689...
  Found 1 useful samples in PR #32689
  Total collected: 553/1000
Inspecting PR #32688...
  Total collected: 553/1000
Inspecting PR #32685...
  Found 3 useful samples in PR #32685
  Total collected: 556/1000
Inspecting PR #32684...
Inspecting PR #32683...
Inspecting PR #32682...
Inspecting PR #32681...
  Found 1 useful samples in PR #32681
  Total collected: 557/1000
Inspecting PR #32679...
Inspecting PR #32677...
Inspecting PR #32676...
  Total collected: 557/1000
Inspecting PR #32674...
Inspecting PR #32672...
Inspecting PR #32670...
Inspecting PR #32669...
Inspecting PR #32666...
  Found 3 useful samples in PR #32666
  Total collected: 560/1000
Inspecting PR #32664...
  Total collected: 560/1000
Inspecting PR #32663...
  Total collected: 560/1000
Inspecting PR #32660...
  Total collected: 560/1000
Inspecting PR #32659...
  Found 21 useful samples in PR #32659
  Total collected: 581/1000
Inspecting PR #32657...
Inspecting PR #32653...
Inspecting PR #32649...
Inspecting PR #32647...
  Found 1 useful samples in PR #32647
  Total collected: 582/1000
Inspecting PR #32646...
  Found 1 useful samples in PR #32646
  Total collected: 583/1000
Fetching search page 13...
Inspecting PR #32644...
  Found 19 useful samples in PR #32644
  Total collected: 602/1000
Inspecting PR #32642...
  Total collected: 602/1000
Inspecting PR #32637...
Inspecting PR #32636...
  Total collected: 602/1000
Inspecting PR #32635...
Inspecting PR #32629...
Inspecting PR #32625...
  Found 2 useful samples in PR #32625
  Total collected: 604/1000
Inspecting PR #32623...
Inspecting PR #32620...
  Total collected: 604/1000
Inspecting PR #32619...
Inspecting PR #32616...
Inspecting PR #32615...
  Found 7 useful samples in PR #32615
  Total collected: 611/1000
Inspecting PR #32613...
Inspecting PR #32612...
Inspecting PR #32610...
Inspecting PR #32607...
Inspecting PR #32606...
Inspecting PR #32605...
Inspecting PR #32604...
  Found 1 useful samples in PR #32604
  Total collected: 612/1000
Inspecting PR #32603...
Inspecting PR #32602...
Inspecting PR #32600...
  Found 13 useful samples in PR #32600
  Total collected: 625/1000
Inspecting PR #32597...
  Total collected: 625/1000
Inspecting PR #32596...
Inspecting PR #32592...
  Found 1 useful samples in PR #32592
  Total collected: 626/1000
Inspecting PR #32586...
  Found 5 useful samples in PR #32586
  Total collected: 631/1000
Inspecting PR #32584...
  Total collected: 631/1000
Inspecting PR #32583...
Inspecting PR #32582...
  Found 23 useful samples in PR #32582
  Total collected: 654/1000
Inspecting PR #32581...
Fetching search page 14...
Inspecting PR #32580...
Inspecting PR #32579...
Inspecting PR #32577...
  Found 1 useful samples in PR #32577
  Total collected: 655/1000
Inspecting PR #32576...
  Total collected: 655/1000
Inspecting PR #32575...
Inspecting PR #32574...
  Total collected: 655/1000
Inspecting PR #32568...
Inspecting PR #32567...
Inspecting PR #32566...
  Total collected: 655/1000
Inspecting PR #32565...
  Found 14 useful samples in PR #32565
  Total collected: 669/1000
Inspecting PR #32564...
Inspecting PR #32557...
  Found 1 useful samples in PR #32557
  Total collected: 670/1000
Inspecting PR #32555...
Inspecting PR #32554...
  Found 2 useful samples in PR #32554
  Total collected: 672/1000
Inspecting PR #32553...
  Total collected: 672/1000
Inspecting PR #32550...
Inspecting PR #32549...
  Found 6 useful samples in PR #32549
  Total collected: 678/1000
Inspecting PR #32548...
Inspecting PR #32547...
Inspecting PR #32545...
Inspecting PR #32544...
Inspecting PR #32543...
Inspecting PR #32542...
Inspecting PR #32541...
Inspecting PR #32540...
  Found 2 useful samples in PR #32540
  Total collected: 680/1000
Inspecting PR #32539...
  Total collected: 680/1000
Inspecting PR #32538...
  Found 8 useful samples in PR #32538
  Total collected: 688/1000
Inspecting PR #32537...
Inspecting PR #32531...
Inspecting PR #32530...
  Found 3 useful samples in PR #32530
  Total collected: 691/1000
Fetching search page 15...
Inspecting PR #32529...
Inspecting PR #32528...
Inspecting PR #32527...
Inspecting PR #32525...
Inspecting PR #32524...
Inspecting PR #32523...
Inspecting PR #32522...
Inspecting PR #32521...
  Found 3 useful samples in PR #32521
  Total collected: 694/1000
Inspecting PR #32520...
Inspecting PR #32514...
  Found 3 useful samples in PR #32514
  Total collected: 697/1000
Inspecting PR #32509...
  Total collected: 697/1000
Inspecting PR #32507...
  Total collected: 697/1000
Inspecting PR #32505...
  Found 4 useful samples in PR #32505
  Total collected: 701/1000
Inspecting PR #32504...
  Total collected: 701/1000
Inspecting PR #32501...
  Total collected: 701/1000
Inspecting PR #32499...
Inspecting PR #32497...
  Found 9 useful samples in PR #32497
  Total collected: 710/1000
Inspecting PR #32494...
Inspecting PR #32493...
Inspecting PR #32489...
Inspecting PR #32488...
Inspecting PR #32486...
  Total collected: 710/1000
Inspecting PR #32485...
Inspecting PR #32484...
Inspecting PR #32483...
Inspecting PR #32481...
  Total collected: 710/1000
Inspecting PR #32477...
Inspecting PR #32471...
Inspecting PR #32470...
Inspecting PR #32469...
Fetching search page 16...
Inspecting PR #32468...
Inspecting PR #32466...
Inspecting PR #32465...
Inspecting PR #32464...
Inspecting PR #32461...
Inspecting PR #32457...
Inspecting PR #32456...
Inspecting PR #32454...
Inspecting PR #32453...
Inspecting PR #32452...
  Found 1 useful samples in PR #32452
  Total collected: 711/1000
Inspecting PR #32451...
Inspecting PR #32450...
Inspecting PR #32445...
Inspecting PR #32444...
Inspecting PR #32442...
Inspecting PR #32440...
Inspecting PR #32438...
Inspecting PR #32437...
Inspecting PR #32436...
Inspecting PR #32433...
  Found 2 useful samples in PR #32433
  Total collected: 713/1000
Inspecting PR #32432...
Inspecting PR #32426...
Inspecting PR #32425...
Inspecting PR #32424...
Inspecting PR #32423...
Inspecting PR #32422...
  Found 21 useful samples in PR #32422
  Total collected: 734/1000
Inspecting PR #32421...
Inspecting PR #32420...
Inspecting PR #32419...
Inspecting PR #32418...
Fetching search page 17...
Inspecting PR #32417...
Inspecting PR #32416...
Inspecting PR #32415...
Inspecting PR #32413...
  Total collected: 734/1000
Inspecting PR #32412...
Inspecting PR #32411...
Inspecting PR #32410...
Inspecting PR #32409...
Inspecting PR #32408...
Inspecting PR #32407...
Inspecting PR #32404...
Inspecting PR #32403...
Inspecting PR #32402...
Inspecting PR #32398...
Inspecting PR #32397...
Inspecting PR #32396...
Inspecting PR #32395...
Inspecting PR #32392...
Inspecting PR #32391...
Inspecting PR #32390...
Inspecting PR #32389...
Inspecting PR #32388...
Inspecting PR #32387...
Inspecting PR #32386...
Inspecting PR #32383...
Inspecting PR #32382...
Inspecting PR #32381...
Inspecting PR #32377...
Inspecting PR #32376...
Inspecting PR #32375...
Fetching search page 18...
Inspecting PR #32373...
Inspecting PR #32372...
  Found 7 useful samples in PR #32372
  Total collected: 741/1000
Inspecting PR #32371...
Inspecting PR #32370...
Inspecting PR #32369...
Inspecting PR #32367...
Inspecting PR #32366...
Inspecting PR #32365...
Inspecting PR #32364...
Inspecting PR #32363...
Inspecting PR #32361...
Inspecting PR #32359...
Inspecting PR #32358...
Inspecting PR #32357...
Inspecting PR #32356...
  Found 1 useful samples in PR #32356
  Total collected: 742/1000
Inspecting PR #32351...
  Found 1 useful samples in PR #32351
  Total collected: 743/1000
Inspecting PR #32349...
  Total collected: 743/1000
Inspecting PR #32347...
  Found 1 useful samples in PR #32347
  Total collected: 744/1000
Inspecting PR #32346...
Inspecting PR #32345...
  Found 9 useful samples in PR #32345
  Total collected: 753/1000
Inspecting PR #32344...
  Total collected: 753/1000
Inspecting PR #32343...
  Total collected: 753/1000
Inspecting PR #32342...
  Total collected: 753/1000
Inspecting PR #32341...
  Found 8 useful samples in PR #32341
  Total collected: 761/1000
Inspecting PR #32339...
Inspecting PR #32338...
Inspecting PR #32337...
Inspecting PR #32336...
Inspecting PR #32335...
Inspecting PR #32334...
Fetching search page 19...
Inspecting PR #32333...
Inspecting PR #32332...
Inspecting PR #32331...
Inspecting PR #32330...
Inspecting PR #32329...
Inspecting PR #32328...
Inspecting PR #32327...
  Total collected: 761/1000
Inspecting PR #32326...
Inspecting PR #32325...
Inspecting PR #32323...
Inspecting PR #32322...
Inspecting PR #32321...
Inspecting PR #32320...
Inspecting PR #32319...
Inspecting PR #32317...
Inspecting PR #32316...
Inspecting PR #32314...
Inspecting PR #32313...
  Found 6 useful samples in PR #32313
  Total collected: 767/1000
Inspecting PR #32310...
  Found 4 useful samples in PR #32310
  Total collected: 771/1000
Inspecting PR #32309...
Inspecting PR #32307...
Inspecting PR #32305...
Inspecting PR #32301...
Inspecting PR #32300...
  Found 2 useful samples in PR #32300
  Total collected: 773/1000
Inspecting PR #32298...
Inspecting PR #32297...
Inspecting PR #32295...
Inspecting PR #32296...
Inspecting PR #32293...
Inspecting PR #32291...
  Found 3 useful samples in PR #32291
  Total collected: 776/1000
Fetching search page 20...
Inspecting PR #32285...
  Found 1 useful samples in PR #32285
  Total collected: 777/1000
Inspecting PR #32282...
Inspecting PR #32280...
  Found 1 useful samples in PR #32280
  Total collected: 778/1000
Inspecting PR #32274...
  Found 1 useful samples in PR #32274
  Total collected: 779/1000
Inspecting PR #32273...
Inspecting PR #32271...
Inspecting PR #32270...
  Total collected: 779/1000
Inspecting PR #32268...
Inspecting PR #32267...
Inspecting PR #32266...
  Found 9 useful samples in PR #32266
  Total collected: 788/1000
Inspecting PR #32265...
Inspecting PR #32264...
  Found 3 useful samples in PR #32264
  Total collected: 791/1000
Inspecting PR #32262...
  Found 2 useful samples in PR #32262
  Total collected: 793/1000
Inspecting PR #32261...
Inspecting PR #32260...
Inspecting PR #32259...
  Found 4 useful samples in PR #32259
  Total collected: 797/1000
Inspecting PR #32258...
  Total collected: 797/1000
Inspecting PR #32257...
  Found 2 useful samples in PR #32257
  Total collected: 799/1000
Inspecting PR #32254...
  Total collected: 799/1000
Inspecting PR #32250...
Inspecting PR #32249...
  Found 1 useful samples in PR #32249
  Total collected: 800/1000
Inspecting PR #32246...
  Found 18 useful samples in PR #32246
  Total collected: 818/1000
Inspecting PR #32245...
Inspecting PR #32244...
Inspecting PR #32243...
Inspecting PR #32242...
Inspecting PR #32241...
  Found 2 useful samples in PR #32241
  Total collected: 820/1000
Inspecting PR #32240...
Inspecting PR #32239...
  Found 2 useful samples in PR #32239
  Total collected: 822/1000
Inspecting PR #32237...
  Found 1 useful samples in PR #32237
  Total collected: 823/1000
Fetching search page 21...
Inspecting PR #32234...
Inspecting PR #32232...
  Found 1 useful samples in PR #32232
  Total collected: 824/1000
Inspecting PR #32229...
  Found 12 useful samples in PR #32229
  Total collected: 836/1000
Inspecting PR #32227...
Inspecting PR #32221...
Inspecting PR #32215...
  Found 4 useful samples in PR #32215
  Total collected: 840/1000
Inspecting PR #32212...
  Found 15 useful samples in PR #32212
  Total collected: 855/1000
Inspecting PR #32211...
Inspecting PR #32209...
  Total collected: 855/1000
Inspecting PR #32206...
  Total collected: 855/1000
Inspecting PR #32203...
Inspecting PR #32198...
  Found 1 useful samples in PR #32198
  Total collected: 856/1000
Inspecting PR #32197...
  Total collected: 856/1000
Inspecting PR #32193...
  Skipped huge chunk in sklearn/tree/tests/test_split.py (233 lines)
  Skipped huge chunk in sklearn/tree/tests/test_split.py (233 lines)
  Skipped huge chunk in sklearn/tree/tests/test_split.py (233 lines)
  Skipped huge chunk in sklearn/tree/tests/test_split.py (233 lines)
  Skipped huge chunk in sklearn/tree/tests/test_split.py (222 lines)
  Skipped huge chunk in sklearn/tree/tests/test_split.py (219 lines)
  Skipped huge chunk in sklearn/tree/tests/test_split.py (248 lines)
  Found 7 useful samples in PR #32193
  Total collected: 863/1000
Inspecting PR #32191...
  Found 9 useful samples in PR #32191
  Total collected: 872/1000
Inspecting PR #32190...
  Found 2 useful samples in PR #32190
  Total collected: 874/1000
Inspecting PR #32188...
Inspecting PR #32187...
Inspecting PR #32186...
Inspecting PR #32185...
Inspecting PR #32183...
Inspecting PR #32181...
  Total collected: 874/1000
Inspecting PR #32177...
Inspecting PR #32166...
  Found 2 useful samples in PR #32166
  Total collected: 876/1000
Inspecting PR #32165...
Inspecting PR #32164...
Inspecting PR #32163...
  Found 20 useful samples in PR #32163
  Total collected: 896/1000
Inspecting PR #32160...
Inspecting PR #32159...
Inspecting PR #32158...
Fetching search page 22...
Inspecting PR #32157...
  Found 2 useful samples in PR #32157
  Total collected: 898/1000
Inspecting PR #32156...
Inspecting PR #32151...
Inspecting PR #32149...
Inspecting PR #32148...
Inspecting PR #32147...
Inspecting PR #32144...
Inspecting PR #32139...
Inspecting PR #32136...
Inspecting PR #32135...
Inspecting PR #32134...
Inspecting PR #32133...
  Found 1 useful samples in PR #32133
  Total collected: 899/1000
Inspecting PR #32131...
Inspecting PR #32129...
Inspecting PR #32128...
Inspecting PR #32127...
Inspecting PR #32126...
Inspecting PR #32119...
  Found 17 useful samples in PR #32119
  Total collected: 916/1000
Inspecting PR #32118...
Inspecting PR #32117...
  Found 8 useful samples in PR #32117
  Total collected: 924/1000
Inspecting PR #32116...
Inspecting PR #32114...
  Total collected: 924/1000
Inspecting PR #32108...
  Found 16 useful samples in PR #32108
  Total collected: 940/1000
Inspecting PR #32103...
  Found 4 useful samples in PR #32103
  Total collected: 944/1000
Inspecting PR #32102...
Inspecting PR #32100...
  Found 1 useful samples in PR #32100
  Total collected: 945/1000
Inspecting PR #32096...
Inspecting PR #32094...
Inspecting PR #32093...
Inspecting PR #32091...
Fetching search page 23...
Inspecting PR #32089...
  Total collected: 945/1000
Inspecting PR #32088...
Inspecting PR #32085...
  Total collected: 945/1000
Inspecting PR #32084...
  Total collected: 945/1000
Inspecting PR #32082...
Inspecting PR #32081...
  Total collected: 945/1000
Inspecting PR #32079...
Inspecting PR #32077...
  Found 13 useful samples in PR #32077
  Total collected: 958/1000
Inspecting PR #32073...
  Found 20 useful samples in PR #32073
  Total collected: 978/1000
Inspecting PR #32070...
Inspecting PR #32069...
Inspecting PR #32068...
Inspecting PR #32066...
Inspecting PR #32065...
Inspecting PR #32064...
Inspecting PR #32063...
Inspecting PR #32059...
  Found 4 useful samples in PR #32059
  Total collected: 982/1000
Inspecting PR #32058...
  Found 9 useful samples in PR #32058
  Total collected: 991/1000
Inspecting PR #32053...
  Total collected: 991/1000
Inspecting PR #32052...
Inspecting PR #32050...
  Found 28 useful samples in PR #32050
  Total collected: 1019/1000
Finished extraction. Total samples: 1000
